Component: ARM Compiler 5.06 update 6 (build 750) Tool: armlink [4d35ed]

==============================================================================

Section Cross References

    startup_stm32f429xx.o(RESET) refers to startup_stm32f429xx.o(STACK) for __initial_sp
    startup_stm32f429xx.o(RESET) refers to startup_stm32f429xx.o(.text) for Reset_Handler
    startup_stm32f429xx.o(RESET) refers to stm32f4xx_it.o(i.NMI_Handler) for NMI_Handler
    startup_stm32f429xx.o(RESET) refers to stm32f4xx_it.o(i.HardFault_Handler) for HardFault_Handler
    startup_stm32f429xx.o(RESET) refers to stm32f4xx_it.o(i.MemManage_Handler) for MemManage_Handler
    startup_stm32f429xx.o(RESET) refers to stm32f4xx_it.o(i.BusFault_Handler) for BusFault_Handler
    startup_stm32f429xx.o(RESET) refers to stm32f4xx_it.o(i.UsageFault_Handler) for UsageFault_Handler
    startup_stm32f429xx.o(RESET) refers to stm32f4xx_it.o(i.SVC_Handler) for SVC_Handler
    startup_stm32f429xx.o(RESET) refers to stm32f4xx_it.o(i.DebugMon_Handler) for DebugMon_Handler
    startup_stm32f429xx.o(RESET) refers to stm32f4xx_it.o(i.PendSV_Handler) for PendSV_Handler
    startup_stm32f429xx.o(RESET) refers to stm32f4xx_it.o(i.SysTick_Handler) for SysTick_Handler
    startup_stm32f429xx.o(RESET) refers to stm32f4xx_it.o(i.TIM2_IRQHandler) for TIM2_IRQHandler
    startup_stm32f429xx.o(RESET) refers to stm32f4xx_it.o(i.UART4_IRQHandler) for UART4_IRQHandler
    startup_stm32f429xx.o(RESET) refers to stm32f4xx_it.o(i.OTG_HS_IRQHandler) for OTG_HS_IRQHandler
    startup_stm32f429xx.o(.text) refers to system_stm32f4xx.o(i.SystemInit) for SystemInit
    startup_stm32f429xx.o(.text) refers to entry.o(.ARM.Collect$$$$00000000) for __main
    main.o(i.SRAM_Fill_With_Ones) refers to main.o(i.init_counter) for init_counter
    main.o(i.SRAM_Fill_With_Ones) refers to main.o(i.init_arguments) for init_arguments
    main.o(i.SRAM_Fill_With_Ones) refers to main.o(i.SRAM_Write_16b) for SRAM_Write_16b
    main.o(i.SRAM_Fill_With_Ones) refers to main.o(i.SRAM_Read_16b) for SRAM_Read_16b
    main.o(i.SRAM_Fill_With_Ones) refers to printfa.o(i.__0printf) for __2printf
    main.o(i.SRAM_Fill_With_Zeros) refers to main.o(i.init_counter) for init_counter
    main.o(i.SRAM_Fill_With_Zeros) refers to main.o(i.init_arguments) for init_arguments
    main.o(i.SRAM_Fill_With_Zeros) refers to main.o(i.SRAM_Write_16b) for SRAM_Write_16b
    main.o(i.SRAM_Fill_With_Zeros) refers to main.o(i.SRAM_Read_16b) for SRAM_Read_16b
    main.o(i.SRAM_Fill_With_Zeros) refers to printfa.o(i.__0printf) for __2printf
    main.o(i.SRAM_Fill_With_Zeros) refers to main.o(.data) for .data
    main.o(i.SRAM_Get_Performance_Measures) refers to main.o(i.init_counter) for init_counter
    main.o(i.SRAM_Get_Performance_Measures) refers to printfa.o(i.__0printf) for __2printf
    main.o(i.SRAM_Get_Performance_Measures) refers to main.o(i.SRAM_Read_16b) for SRAM_Read_16b
    main.o(i.SRAM_Get_Performance_Measures) refers to main.o(i.flipped_one_16b) for flipped_one_16b
    main.o(i.SRAM_Get_Performance_Measures) refers to main.o(i.flipped_zero_16b) for flipped_zero_16b
    main.o(i.SRAM_Get_Performance_Measures) refers to main.o(i.get_num_one_16b) for get_num_one_16b
    main.o(i.SRAM_Get_Performance_Measures) refers to main.o(i.get_num_zero_16b) for get_num_zero_16b
    main.o(i.SRAM_Get_Performance_Measures) refers to f2d.o(.text) for __aeabi_f2d
    main.o(i.SRAM_Get_Performance_Measures) refers to main.o(.data) for .data
    main.o(i.SRAM_Get_Performance_Measures) refers to main.o(.conststring) for .conststring
    main.o(i.SRAM_Get_Values) refers to main.o(i.SRAM_Read_16b) for SRAM_Read_16b
    main.o(i.SRAM_Get_Values) refers to main.o(i.get_num_one_16b) for get_num_one_16b
    main.o(i.SRAM_Get_Values) refers to main.o(i.get_num_zero_16b) for get_num_zero_16b
    main.o(i.SRAM_Get_Values) refers to printfa.o(i.__0printf) for __2printf
    main.o(i.SRAM_Get_Values) refers to f2d.o(.text) for __aeabi_f2d
    main.o(i.SRAM_Get_Values) refers to main.o(.data) for .data
    main.o(i.SRAM_Read_16b) refers to main.o(.data) for .data
    main.o(i.SRAM_Read_32b) refers to main.o(.data) for .data
    main.o(i.SRAM_Write_16b) refers to main.o(.data) for .data
    main.o(i.SRAM_Write_32b) refers to main.o(.data) for .data
    main.o(i.SRAM_check) refers to main.o(i.SRAM_Read_16b) for SRAM_Read_16b
    main.o(i.SRAM_check) refers to main.o(.data) for .data
    main.o(i.SystemClock_Config) refers to memseta.o(.text) for __aeabi_memclr4
    main.o(i.SystemClock_Config) refers to stm32f4xx_hal_rcc.o(i.HAL_RCC_OscConfig) for HAL_RCC_OscConfig
    main.o(i.SystemClock_Config) refers to stm32f4xx_hal_rcc.o(i.HAL_RCC_ClockConfig) for HAL_RCC_ClockConfig
    main.o(i.flipped_one_16b) refers to main.o(i.hamming_weight_16b) for hamming_weight_16b
    main.o(i.flipped_zero_16b) refers to main.o(i.hamming_weight_16b) for hamming_weight_16b
[...]
    i.USBD_LL_PrepareReceive                 0x080036a8   Section        0  usbd_conf.o(i.USBD_LL_PrepareReceive)
    i.USBD_LL_Reset                          0x080036ba   Section        0  usbd_core.o(i.USBD_LL_Reset)
    i.USBD_LL_Resume                         0x0800370c   Section        0  usbd_core.o(i.USBD_LL_Resume)
    i.USBD_LL_SOF                            0x08003720   Section        0  usbd_core.o(i.USBD_LL_SOF)
    i.USBD_LL_SetSpeed                       0x08003738   Section        0  usbd_core.o(i.USBD_LL_SetSpeed)
    i.USBD_LL_SetUSBAddress                  0x0800373e   Section        0  usbd_conf.o(i.USBD_LL_SetUSBAddress)
    i.USBD_LL_SetupStage                     0x08003750   Section        0  usbd_core.o(i.USBD_LL_SetupStage)
    i.USBD_LL_StallEP                        0x080037b0   Section        0  usbd_conf.o(i.USBD_LL_StallEP)
    i.USBD_LL_Start                          0x080037c2   Section        0  usbd_conf.o(i.USBD_LL_Start)
    i.USBD_LL_Suspend                        0x080037d4   Section        0  usbd_core.o(i.USBD_LL_Suspend)
    i.USBD_LL_Transmit                       0x080037e6   Section        0  usbd_conf.o(i.USBD_LL_Transmit)
    i.USBD_ParseSetupRequest                 0x080037f8   Section        0  usbd_ctlreq.o(i.USBD_ParseSetupRequest)
    i.USBD_RegisterClass                     0x08003824   Section        0  usbd_core.o(i.USBD_RegisterClass)
    i.USBD_SetClassConfig                    0x08003846   Section        0  usbd_core.o(i.USBD_SetClassConfig)
    i.USBD_SetConfig                         0x0800385c   Section        0  usbd_ctlreq.o(i.USBD_SetConfig)
    USBD_SetConfig                           0x0800385d   Thumb Code   182  usbd_ctlreq.o(i.USBD_SetConfig)
    i.USBD_Start                             0x08003918   Section        0  usbd_core.o(i.USBD_Start)
    i.USBD_StdDevReq                         0x0800391c   Section        0  usbd_ctlreq.o(i.USBD_StdDevReq)
    i.USBD_StdEPReq                          0x08003a30   Section        0  usbd_ctlreq.o(i.USBD_StdEPReq)
    i.USBD_StdItfReq                         0x08003b7c   Section        0  usbd_ctlreq.o(i.USBD_StdItfReq)
    i.USB_ActivateEndpoint                   0x08003bd0   Section        0  stm32f4xx_ll_usb.o(i.USB_ActivateEndpoint)
    i.USB_ActivateSetup                      0x08003c50   Section        0  stm32f4xx_ll_usb.o(i.USB_ActivateSetup)
    i.USB_CoreInit                           0x08003c6c   Section        0  stm32f4xx_ll_usb.o(i.USB_CoreInit)
    i.USB_CoreReset                          0x08003ce0   Section        0  stm32f4xx_ll_usb.o(i.USB_CoreReset)
    USB_CoreReset                            0x08003ce1   Thumb Code    50  stm32f4xx_ll_usb.o(i.USB_CoreReset)
    i.USB_DeactivateEndpoint                 0x08003d18   Section        0  stm32f4xx_ll_usb.o(i.USB_DeactivateEndpoint)
    i.USB_DevConnect                         0x08003de4   Section        0  stm32f4xx_ll_usb.o(i.USB_DevConnect)
    i.USB_DevDisconnect                      0x08003dfc   Section        0  stm32f4xx_ll_usb.o(i.USB_DevDisconnect)
    i.USB_DevInit                            0x08003e14   Section        0  stm32f4xx_ll_usb.o(i.USB_DevInit)
    i.USB_DisableGlobalInt                   0x08003f88   Section        0  stm32f4xx_ll_usb.o(i.USB_DisableGlobalInt)
    i.USB_EP0StartXfer                       0x08003f94   Section        0  stm32f4xx_ll_usb.o(i.USB_EP0StartXfer)
    i.USB_EP0_OutStart                       0x080040ac   Section        0  stm32f4xx_ll_usb.o(i.USB_EP0_OutStart)
    i.USB_EPClearStall                       0x08004104   Section        0  stm32f4xx_ll_usb.o(i.USB_EPClearStall)
    i.USB_EPSetStall                         0x0800415c   Section        0  stm32f4xx_ll_usb.o(i.USB_EPSetStall)
    i.USB_EPStartXfer                        0x080041b4   Section        0  stm32f4xx_ll_usb.o(i.USB_EPStartXfer)
    i.USB_EnableGlobalInt                    0x0800439c   Section        0  stm32f4xx_ll_usb.o(i.USB_EnableGlobalInt)
    i.USB_FlushRxFifo                        0x080043a8   Section        0  stm32f4xx_ll_usb.o(i.USB_FlushRxFifo)
    i.USB_FlushTxFifo                        0x080043c8   Section        0  stm32f4xx_ll_usb.o(i.USB_FlushTxFifo)
    i.USB_GetDevSpeed                        0x080043ec   Section        0  stm32f4xx_ll_usb.o(i.USB_GetDevSpeed)
    i.USB_GetMode                            0x08004406   Section        0  stm32f4xx_ll_usb.o(i.USB_GetMode)
    i.USB_ReadDevAllInEpInterrupt            0x0800440e   Section        0  stm32f4xx_ll_usb.o(i.USB_ReadDevAllInEpInterrupt)
    i.USB_ReadDevAllOutEpInterrupt           0x0800441c   Section        0  stm32f4xx_ll_usb.o(i.USB_ReadDevAllOutEpInterrupt)
    i.USB_ReadDevInEPInterrupt               0x0800442a   Section        0  stm32f4xx_ll_usb.o(i.USB_ReadDevInEPInterrupt)
    i.USB_ReadDevOutEPInterrupt              0x0800444e   Section        0  stm32f4xx_ll_usb.o(i.USB_ReadDevOutEPInterrupt)
    i.USB_ReadInterrupts                     0x0800445e   Section        0  stm32f4xx_ll_usb.o(i.USB_ReadInterrupts)
    i.USB_ReadPacket                         0x08004466   Section        0  stm32f4xx_ll_usb.o(i.USB_ReadPacket)
    i.USB_SetCurrentMode                     0x08004482   Section        0  stm32f4xx_ll_usb.o(i.USB_SetCurrentMode)
    i.USB_SetDevAddress                      0x080044b0   Section        0  stm32f4xx_ll_usb.o(i.USB_SetDevAddress)
    i.USB_SetTurnaroundTime                  0x080044d4   Section        0  stm32f4xx_ll_usb.o(i.USB_SetTurnaroundTime)
    i.USB_WritePacket                        0x080045bc   Section        0  stm32f4xx_ll_usb.o(i.USB_WritePacket)
    i.UsageFault_Handler                     0x080045e0   Section        0  stm32f4xx_it.o(i.UsageFault_Handler)
    i.__0printf                              0x080045e4   Section        0  printfa.o(i.__0printf)
    i.__NVIC_SetPriority                     0x08004604   Section        0  stm32f4xx_hal_cortex.o(i.__NVIC_SetPriority)
    __NVIC_SetPriority                       0x08004605   Thumb Code    32  stm32f4xx_hal_cortex.o(i.__NVIC_SetPriority)
    i.__scatterload_copy                     0x08004624   Section       14  handlers.o(i.__scatterload_copy)
    i.__scatterload_null                     0x08004632   Section        2  handlers.o(i.__scatterload_null)
    i.__scatterload_zeroinit                 0x08004634   Section       14  handlers.o(i.__scatterload_zeroinit)
    i._fp_digits                             0x08004644   Section        0  printfa.o(i._fp_digits)
    _fp_digits                               0x08004645   Thumb Code   366  printfa.o(i._fp_digits)
    i._printf_core                           0x080047c8   Section        0  printfa.o(i._printf_core)
    _printf_core                             0x080047c9   Thumb Code  1744  printfa.o(i._printf_core)
    i._printf_post_padding                   0x08004ea4   Section        0  printfa.o(i._printf_post_padding)
    _printf_post_padding                     0x08004ea5   Thumb Code    36  printfa.o(i._printf_post_padding)
    i._printf_pre_padding                    0x08004ec8   Section        0  printfa.o(i._printf_pre_padding)
    _printf_pre_padding                      0x08004ec9   Thumb Code    46  printfa.o(i._printf_pre_padding)
    i.fputc                                  0x08004ef8   Section        0  main.o(i.fputc)
    i.free                                   0x08004f10   Section        0  malloc.o(i.free)
    i.get_num_one_16b                        0x08004f60   Section        0  main.o(i.get_num_one_16b)
    i.get_num_zero_16b                       0x08004f64   Section        0  main.o(i.get_num_zero_16b)
    i.hamming_weight_16b                     0x08004f72   Section        0  main.o(i.hamming_weight_16b)
    i.init_arguments                         0x08004fa8   Section        0  main.o(i.init_arguments)
    i.init_counter                           0x08004fb8   Section        0  main.o(i.init_counter)
    i.main                                   0x08004fcc   Section        0  main.o(i.main)
    i.malloc                                 0x080050b8   Section        0  malloc.o(i.malloc)
    i.sram_read                              0x08005124   Section        0  main.o(i.sram_read)
    .constdata                               0x08005160   Section       16  system_stm32f4xx.o(.constdata)
    .constdata                               0x08005170   Section        8  system_stm32f4xx.o(.constdata)
    .conststring                             0x08005178   Section       74  main.o(.conststring)
    .data                                    0x20000000   Section       60  main.o(.data)
    .data                                    0x2000003c   Section        8  fmc.o(.data)
    FMC_Initialized                          0x2000003c   Data           4  fmc.o(.data)
    FMC_DeInitialized                        0x20000040   Data           4  fmc.o(.data)
    .data                                    0x20000044   Section       28  usbd_desc.o(.data)
    .data                                    0x20000060   Section       50  usbd_desc.o(.data)
    .data                                    0x20000094   Section       20  usbd_cdc_if.o(.data)
    .data                                    0x200000a8   Section       12  stm32f4xx_hal.o(.data)
    .data                                    0x200000b4   Section        4  system_stm32f4xx.o(.data)
    .data                                    0x200000b8   Section        1  usbd_ctlreq.o(.data)
    cfgidx                                   0x200000b8   Data           1  usbd_ctlreq.o(.data)
    .data                                    0x200000bc   Section      215  usbd_cdc.o(.data)
    USBD_CDC_DeviceQualifierDesc             0x200000bc   Data          10  usbd_cdc.o(.data)
    USBD_CDC_CfgHSDesc                       0x200000c8   Data          67  usbd_cdc.o(.data)
    USBD_CDC_CfgFSDesc                       0x2000010c   Data          67  usbd_cdc.o(.data)
    USBD_CDC_OtherSpeedCfgDesc               0x20000150   Data          67  usbd_cdc.o(.data)
    .data                                    0x20000194   Section       56  usbd_cdc.o(.data)
    .data                                    0x200001cc   Section        4  stdout.o(.data)
    .data                                    0x200001d0   Section        4  mvars.o(.data)
    .data                                    0x200001d4   Section        4  mvars.o(.data)
    .bss                                     0x200001d8   Section       80  fmc.o(.bss)
    .bss                                     0x20000228   Section       64  tim.o(.bss)
    .bss                                     0x20000268   Section       64  usart.o(.bss)
    .bss                                     0x200002a8   Section      720  usb_device.o(.bss)
    .bss                                     0x20000578   Section     1032  usbd_conf.o(.bss)
    .bss                                     0x20000980   Section      512  usbd_desc.o(.bss)
    .bss                                     0x20000b80   Section     4096  usbd_cdc_if.o(.bss)
    HEAP                                     0x20001b80   Section      512  startup_stm32f429xx.o(HEAP)
    STACK                                    0x20001d80   Section     1024  startup_stm32f429xx.o(STACK)

    Global Symbols

    Symbol Name                              Value     Ov Type        Size  Object(Section)

    BuildAttributes$$THM_ISAv4$E$P$D$K$B$S$7EM$VFPi3$EXTD16$VFPS$VFMA$PE$A:L22UL41UL21$X:L11$S22US41US21$IEEE1$IW$USESV6$~STKCKD$USESV7$~SHL$OSPACE$ROPI$EBA8$MICROLIB$REQ8$PRES8$EABIv2 0x00000000   Number         0  anon$$obj.o ABSOLUTE
    __ARM_use_no_argv                        0x00000000   Number         0  main.o ABSOLUTE
    _printf_a                                0x00000000   Number         0  stubs.o ABSOLUTE
    _printf_c                                0x00000000   Number         0  stubs.o ABSOLUTE
    _printf_charcount                        0x00000000   Number         0  stubs.o ABSOLUTE
    _printf_d                                0x00000000   Number         0  stubs.o ABSOLUTE
    _printf_e                                0x00000000   Number         0  stubs.o ABSOLUTE
    _printf_f                                0x00000000   Number         0  stubs.o ABSOLUTE
    _printf_flags                            0x00000000   Number         0  stubs.o ABSOLUTE
    _printf_fp_dec                           0x00000000   Number         0  stubs.o ABSOLUTE
    _printf_fp_hex                           0x00000000   Number         0  stubs.o ABSOLUTE
    _printf_g                                0x00000000   Number         0  stubs.o ABSOLUTE
    _printf_i                                0x00000000   Number         0  stubs.o ABSOLUTE
    _printf_int_dec                          0x00000000   Number         0  stubs.o ABSOLUTE
    _printf_l                                0x00000000   Number         0  stubs.o ABSOLUTE
    _printf_lc                               0x00000000   Number         0  stubs.o ABSOLUTE
    _printf_ll                               0x00000000   Number         0  stubs.o ABSOLUTE
    _printf_lld                              0x00000000   Number         0  stubs.o ABSOLUTE
    _printf_lli                              0x00000000   Number         0  stubs.o ABSOLUTE
    _printf_llo                              0x00000000   Number         0  stubs.o ABSOLUTE
    _printf_llu                              0x00000000   Number         0  stubs.o ABSOLUTE
    _printf_llx                              0x00000000   Number         0  stubs.o ABSOLUTE
    _printf_longlong_dec                     0x00000000   Number         0  stubs.o ABSOLUTE
    _printf_longlong_hex                     0x00000000   Number         0  stubs.o ABSOLUTE
    _printf_longlong_oct                     0x00000000   Number         0  stubs.o ABSOLUTE
    _printf_ls                               0x00000000   Number         0  stubs.o ABSOLUTE
    _printf_mbtowc                           0x00000000   Number         0  stubs.o ABSOLUTE
    _printf_n                                0x00000000   Number         0  stubs.o ABSOLUTE
    _printf_o                                0x00000000   Number         0  stubs.o ABSOLUTE
    _printf_p                                0x00000000   Number         0  stubs.o ABSOLUTE
    _printf_percent                          0x00000000   Number         0  stubs.o ABSOLUTE
    _printf_pre_padding                      0x00000000   Number         0  stubs.o ABSOLUTE
    _printf_return_value                     0x00000000   Number         0  stubs.o ABSOLUTE
    _printf_s                                0x00000000   Number         0  stubs.o ABSOLUTE
    _printf_sizespec                         0x00000000   Number         0  stubs.o ABSOLUTE
    _printf_str                              0x00000000   Number         0  stubs.o ABSOLUTE
    _printf_truncate_signed                  0x00000000   Number         0  stubs.o ABSOLUTE
    _printf_truncate_unsigned                0x00000000   Number         0  stubs.o ABSOLUTE
    _printf_u                                0x00000000   Number         0  stubs.o ABSOLUTE
    _printf_wc                               0x00000000   Number         0  stubs.o ABSOLUTE
    _printf_wctomb                           0x00000000   Number         0  stubs.o ABSOLUTE
    _printf_widthprec                        0x00000000   Number         0  stubs.o ABSOLUTE
    _printf_x                                0x00000000   Number         0  stubs.o ABSOLUTE
    __cpp_initialize__aeabi_                  - Undefined Weak Reference
    __cxa_finalize                            - Undefined Weak Reference
    _clock_init                               - Undefined Weak Reference
    _microlib_exit                            - Undefined Weak Reference
    __Vectors_Size                           0x000001ac   Number         0  startup_stm32f429xx.o ABSOLUTE
    __Vectors                                0x08000000   Data           4  startup_stm32f429xx.o(RESET)
    __Vectors_End                            0x080001ac   Data           0  startup_stm32f429xx.o(RESET)
    __main                                   0x080001ad   Thumb Code     0  entry.o(.ARM.Collect$$$$00000000)
    _main_stk                                0x080001ad   Thumb Code     0  entry2.o(.ARM.Collect$$$$00000001)
    _main_scatterload                        0x080001b1   Thumb Code     0  entry5.o(.ARM.Collect$$$$00000004)
    __main_after_scatterload                 0x080001b5   Thumb Code     0  entry5.o(.ARM.Collect$$$$00000004)
    _main_clock                              0x080001b5   Thumb Code     0  entry7b.o(.ARM.Collect$$$$00000008)
    _main_cpp_init                           0x080001b5   Thumb Code     0  entry8b.o(.ARM.Collect$$$$0000000A)
    _main_init                               0x080001b5   Thumb Code     0  entry9a.o(.ARM.Collect$$$$0000000B)
    __rt_final_cpp                           0x080001bd   Thumb Code     0  entry10a.o(.ARM.Collect$$$$0000000D)
    __rt_final_exit                          0x080001bd   Thumb Code     0  entry11a.o(.ARM.Collect$$$$0000000F)
    Reset_Handler                            0x080001c1   Thumb Code     8  startup_stm32f429xx.o(.text)
    ADC_IRQHandler                           0x080001db   Thumb Code     0  startup_stm32f429xx.o(.text)
    CAN1_RX0_IRQHandler                      0x080001db   Thumb Code     0  startup_stm32f429xx.o(.text)
    CAN1_RX1_IRQHandler                      0x080001db   Thumb Code     0  startup_stm32f429xx.o(.text)
    CAN1_SCE_IRQHandler                      0x080001db   Thumb Code     0  startup_stm32f429xx.o(.text)
    CAN1_TX_IRQHandler                       0x080001db   Thumb Code     0  startup_stm32f429xx.o(.text)
    CAN2_RX0_IRQHandler                      0x080001db   Thumb Code     0  startup_stm32f429xx.o(.text)
    CAN2_RX1_IRQHandler                      0x080001db   Thumb Code     0  startup_stm32f429xx.o(.text)
    CAN2_SCE_IRQHandler                      0x080001db   Thumb Code     0  startup_stm32f429xx.o(.text)
    CAN2_TX_IRQHandler                       0x080001db   Thumb Code     0  startup_stm32f429xx.o(.text)
    DCMI_IRQHandler                          0x080001db   Thumb Code     0  startup_stm32f429xx.o(.text)
    DMA1_Stream0_IRQHandler                  0x080001db   Thumb Code     0  startup_stm32f429xx.o(.text)
    DMA1_Stream1_IRQHandler                  0x080001db   Thumb Code     0  startup_stm32f429xx.o(.text)
    DMA1_Stream2_IRQHandler                  0x080001db   Thumb Code     0  startup_stm32f429xx.o(.text)
    DMA1_Stream3_IRQHandler                  0x080001db   Thumb Code     0  startup_stm32f429xx.o(.text)
    DMA1_Stream4_IRQHandler                  0x080001db   Thumb Code     0  startup_stm32f429xx.o(.text)
    DMA1_Stream5_IRQHandler                  0x080001db   Thumb Code     0  startup_stm32f429xx.o(.text)
    DMA1_Stream6_IRQHandler                  0x080001db   Thumb Code     0  startup_stm32f429xx.o(.text)
    DMA1_Stream7_IRQHandler                  0x080001db   Thumb Code     0  startup_stm32f429xx.o(.text)
    DMA2D_IRQHandler                         0x080001db   Thumb Code     0  startup_stm32f429xx.o(.text)
    DMA2_Stream0_IRQHandler                  0x080001db   Thumb Code     0  startup_stm32f429xx.o(.text)
    DMA2_Stream1_IRQHandler                  0x080001db   Thumb Code     0  startup_stm32f429xx.o(.text)
    DMA2_Stream2_IRQHandler                  0x080001db   Thumb Code     0  startup_stm32f429xx.o(.text)
    DMA2_Stream3_IRQHandler                  0x080001db   Thumb Code     0  startup_stm32f429xx.o(.text)
    DMA2_Stream4_IRQHandler                  0x080001db   Thumb Code     0  startup_stm32f429xx.o(.text)
    DMA2_Stream5_IRQHandler                  0x080001db   Thumb Code     0  startup_stm32f429xx.o(.text)
    DMA2_Stream6_IRQHandler                  0x080001db   Thumb Code     0  startup_stm32f429xx.o(.text)
    DMA2_Stream7_IRQHandler                  0x080001db   Thumb Code     0  startup_stm32f429xx.o(.text)
    ETH_IRQHandler                           0x080001db   Thumb Code     0  startup_stm32f429xx.o(.text)
    ETH_WKUP_IRQHandler                      0x080001db   Thumb Code     0  startup_stm32f429xx.o(.text)
    EXTI0_IRQHandler                         0x080001db   Thumb Code     0  startup_stm32f429xx.o(.text)
    EXTI15_10_IRQHandler                     0x080001db   Thumb Code     0  startup_stm32f429xx.o(.text)
    EXTI1_IRQHandler                         0x080001db   Thumb Code     0  startup_stm32f429xx.o(.text)
    EXTI2_IRQHandler                         0x080001db   Thumb Code     0  startup_stm32f429xx.o(.text)
    EXTI3_IRQHandler                         0x080001db   Thumb Code     0  startup_stm32f429xx.o(.text)
    EXTI4_IRQHandler                         0x080001db   Thumb Code     0  startup_stm32f429xx.o(.text)
    EXTI9_5_IRQHandler                       0x080001db   Thumb Code     0  startup_stm32f429xx.o(.text)
    FLASH_IRQHandler                         0x080001db   Thumb Code     0  startup_stm32f429xx.o(.text)
    FMC_IRQHandler                           0x080001db   Thumb Code     0  startup_stm32f429xx.o(.text)
    FPU_IRQHandler                           0x080001db   Thumb Code     0  startup_stm32f429xx.o(.text)
    HASH_RNG_IRQHandler                      0x080001db   Thumb Code     0  startup_stm32f429xx.o(.text)
    I2C1_ER_IRQHandler                       0x080001db   Thumb Code     0  startup_stm32f429xx.o(.text)
    I2C1_EV_IRQHandler                       0x080001db   Thumb Code     0  startup_stm32f429xx.o(.text)
    I2C2_ER_IRQHandler                       0x080001db   Thumb Code     0  startup_stm32f429xx.o(.text)
    I2C2_EV_IRQHandler                       0x080001db   Thumb Code     0  startup_stm32f429xx.o(.text)
    I2C3_ER_IRQHandler                       0x080001db   Thumb Code     0  startup_stm32f429xx.o(.text)
    I2C3_EV_IRQHandler                       0x080001db   Thumb Code     0  startup_stm32f429xx.o(.text)
    LTDC_ER_IRQHandler                       0x080001db   Thumb Code     0  startup_stm32f429xx.o(.text)
    LTDC_IRQHandler                          0x080001db   Thumb Code     0  startup_stm32f429xx.o(.text)
    OTG_FS_IRQHandler                        0x080001db   Thumb Code     0  startup_stm32f429xx.o(.text)
    OTG_FS_WKUP_IRQHandler                   0x080001db   Thumb Code     0  startup_stm32f429xx.o(.text)
    OTG_HS_EP1_IN_IRQHandler                 0x080001db   Thumb Code     0  startup_stm32f429xx.o(.text)
    OTG_HS_EP1_OUT_IRQHandler                0x080001db   Thumb Code     0  startup_stm32f429xx.o(.text)
    OTG_HS_WKUP_IRQHandler                   0x080001db   Thumb Code     0  startup_stm32f429xx.o(.text)
    PVD_IRQHandler                           0x080001db   Thumb Code     0  startup_stm32f429xx.o(.text)
    RCC_IRQHandler                           0x080001db   Thumb Code     0  startup_stm32f429xx.o(.text)
    RTC_Alarm_IRQHandler                     0x080001db   Thumb Code     0  startup_stm32f429xx.o(.text)
    RTC_WKUP_IRQHandler                      0x080001db   Thumb Code     0  startup_stm32f429xx.o(.text)
    SAI1_IRQHandler                          0x080001db   Thumb Code     0  startup_stm32f429xx.o(.text)
    SDIO_IRQHandler                          0x080001db   Thumb Code     0  startup_stm32f429xx.o(.text)
    SPI1_IRQHandler                          0x080001db   Thumb Code     0  startup_stm32f429xx.o(.text)
    SPI2_IRQHandler                          0x080001db   Thumb Code     0  startup_stm32f429xx.o(.text)
    SPI3_IRQHandler                          0x080001db   Thumb Code     0  startup_stm32f429xx.o(.text)
    SPI4_IRQHandler                          0x080001db   Thumb Code     0  startup_stm32f429xx.o(.text)
    SPI5_IRQHandler                          0x080001db   Thumb Code     0  startup_stm32f429xx.o(.text)
    SPI6_IRQHandler                          0x080001db   Thumb Code     0  startup_stm32f429xx.o(.text)
    TAMP_STAMP_IRQHandler                    0x080001db   Thumb Code     0  startup_stm32f429xx.o(.text)
    TIM1_BRK_TIM9_IRQHandler                 0x080001db   Thumb Code     0  startup_stm32f429xx.o(.text)
    TIM1_CC_IRQHandler                       0x080001db   Thumb Code     0  startup_stm32f429xx.o(.text)
    TIM1_TRG_COM_TIM11_IRQHandler            0x080001db   Thumb Code     0  startup_stm32f429xx.o(.text)
    TIM1_UP_TIM10_IRQHandler                 0x080001db   Thumb Code     0  startup_stm32f429xx.o(.text)
    TIM3_IRQHandler                          0x080001db   Thumb Code     0  startup_stm32f429xx.o(.text)
    TIM4_IRQHandler                          0x080001db   Thumb Code     0  startup_stm32f429xx.o(.text)
    TIM5_IRQHandler                          0x080001db   Thumb Code     0  startup_stm32f429xx.o(.text)
    TIM6_DAC_IRQHandler                      0x080001db   Thumb Code     0  startup_stm32f429xx.o(.text)
    TIM7_IRQHandler                          0x080001db   Thumb Code     0  startup_stm32f429xx.o(.text)
    TIM8_BRK_TIM12_IRQHandler                0x080001db   Thumb Code     0  startup_stm32f429xx.o(.text)
    TIM8_CC_IRQHandler                       0x080001db   Thumb Code     0  startup_stm32f429xx.o(.text)
    TIM8_TRG_COM_TIM14_IRQHandler            0x080001db   Thumb Code     0  startup_stm32f429xx.o(.text)
    TIM8_UP_TIM13_IRQHandler                 0x080001db   Thumb Code     0  startup_stm32f429xx.o(.text)
    UART5_IRQHandler                         0x080001db   Thumb Code     0  startup_stm32f429xx.o(.text)
    UART7_IRQHandler                         0x080001db   Thumb Code     0  startup_stm32f429xx.o(.text)
    UART8_IRQHandler                         0x080001db   Thumb Code     0  startup_stm32f429xx.o(.text)
    USART1_IRQHandler                        0x080001db   Thumb Code     0  startup_stm32f429xx.o(.text)
    USART2_IRQHandler                        0x080001db   Thumb Code     0  startup_stm32f429xx.o(.text)
    USART3_IRQHandler                        0x080001db   Thumb Code     0  startup_stm32f429xx.o(.text)
    USART6_IRQHandler                        0x080001db   Thumb Code     0  startup_stm32f429xx.o(.text)
    WWDG_IRQHandler                          0x080001db   Thumb Code     0  startup_stm32f429xx.o(.text)
    __aeabi_uldivmod                         0x080001e5   Thumb Code    98  uldiv.o(.text)
    __aeabi_memcpy                           0x08000247   Thumb Code    36  memcpya.o(.text)
    __aeabi_memcpy4                          0x08000247   Thumb Code     0  memcpya.o(.text)
    __aeabi_memcpy8                          0x08000247   Thumb Code     0  memcpya.o(.text)
    __aeabi_memset                           0x0800026b   Thumb Code    14  memseta.o(.text)
    __aeabi_memset4                          0x0800026b   Thumb Code     0  memseta.o(.text)
    __aeabi_memset8                          0x0800026b   Thumb Code     0  memseta.o(.text)
    __aeabi_memclr                           0x08000279   Thumb Code     4  memseta.o(.text)
    __aeabi_memclr4                          0x08000279   Thumb Code     0  memseta.o(.text)
    __aeabi_memclr8                          0x08000279   Thumb Code     0  memseta.o(.text)
    _memset$wrapper                          0x0800027d   Thumb Code    18  memseta.o(.text)
    __aeabi_ddiv                             0x0800028f   Thumb Code   222  ddiv.o(.text)
    __aeabi_f2d                              0x0800036d   Thumb Code    38  f2d.o(.text)
    __aeabi_uidiv                            0x08000393   Thumb Code     0  uidiv.o(.text)
    __aeabi_uidivmod                         0x08000393   Thumb Code    44  uidiv.o(.text)
    __aeabi_llsl                             0x080003bf   Thumb Code    30  llshl.o(.text)
    _ll_shift_l                              0x080003bf   Thumb Code     0  llshl.o(.text)
    __aeabi_llsr                             0x080003dd   Thumb Code    32  llushr.o(.text)
    _ll_ushift_r                             0x080003dd   Thumb Code     0  llushr.o(.text)
    __I$use$fp                               0x080003fd   Thumb Code     0  iusefp.o(.text)
    _double_round                            0x080003fd   Thumb Code    30  depilogue.o(.text)
    _double_epilogue                         0x0800041b   Thumb Code   156  depilogue.o(.text)
    __aeabi_dadd                             0x080004b7   Thumb Code   322  dadd.o(.text)
    __aeabi_dsub                             0x080005f9   Thumb Code     6  dadd.o(.text)
    __aeabi_drsub                            0x080005ff   Thumb Code     6  dadd.o(.text)
    __aeabi_dmul                             0x08000605   Thumb Code   228  dmul.o(.text)
    __aeabi_d2ulz                            0x080006e9   Thumb Code    48  dfixul.o(.text)
    __aeabi_cdrcmple                         0x08000719   Thumb Code    48  cdrcmple.o(.text)
    __scatterload                            0x08000749   Thumb Code    28  init.o(.text)
    __scatterload_rt2                        0x08000749   Thumb Code     0  init.o(.text)
    __aeabi_lasr                             0x0800076d   Thumb Code    36  llsshr.o(.text)
    _ll_sshift_r                             0x0800076d   Thumb Code     0  llsshr.o(.text)
    __decompress                             0x08000791   Thumb Code     0  __dczerorl2.o(.text)
    __decompress1                            0x08000791   Thumb Code    86  __dczerorl2.o(.text)
    BusFault_Handler                         0x080007e7   Thumb Code     2  stm32f4xx_it.o(i.BusFault_Handler)
    DebugMon_Handler                         0x08000831   Thumb Code     2  stm32f4xx_it.o(i.DebugMon_Handler)
    Error_Handler                            0x08000833   Thumb Code     2  main.o(i.Error_Handler)
    FMC_NORSRAM_Extended_Timing_Init         0x08000835   Thumb Code    60  stm32f4xx_ll_fmc.o(i.FMC_NORSRAM_Extended_Timing_Init)
    FMC_NORSRAM_Init                         0x08000875   Thumb Code   104  stm32f4xx_ll_fmc.o(i.FMC_NORSRAM_Init)
    FMC_NORSRAM_Timing_Init                  0x080008e1   Thumb Code    86  stm32f4xx_ll_fmc.o(i.FMC_NORSRAM_Timing_Init)
    HAL_DMA_Abort_IT                         0x0800093d   Thumb Code    36  stm32f4xx_hal_dma.o(i.HAL_DMA_Abort_IT)
    HAL_Delay                                0x08000961   Thumb Code    32  stm32f4xx_hal.o(i.HAL_Delay)
    HAL_GPIO_Init                            0x08000a99   Thumb Code   414  stm32f4xx_hal_gpio.o(i.HAL_GPIO_Init)
    HAL_GPIO_WritePin                        0x08000c6d   Thumb Code    10  stm32f4xx_hal_gpio.o(i.HAL_GPIO_WritePin)
    HAL_GetTick                              0x08000c79   Thumb Code     6  stm32f4xx_hal.o(i.HAL_GetTick)
    HAL_IncTick                              0x08000c85   Thumb Code    12  stm32f4xx_hal.o(i.HAL_IncTick)
    HAL_Init                                 0x08000c95   Thumb Code    48  stm32f4xx_hal.o(i.HAL_Init)
    HAL_InitTick                             0x08000cc9   Thumb Code    54  stm32f4xx_hal.o(i.HAL_InitTick)
    HAL_MspInit                              0x08000d09   Thumb Code    48  stm32f4xx_hal_msp.o(i.HAL_MspInit)
    HAL_NVIC_EnableIRQ                       0x08000d3d   Thumb Code    26  stm32f4xx_hal_cortex.o(i.HAL_NVIC_EnableIRQ)
    HAL_NVIC_SetPriority                     0x08000d59   Thumb Code    60  stm32f4xx_hal_cortex.o(i.HAL_NVIC_SetPriority)
    HAL_NVIC_SetPriorityGrouping             0x08000d99   Thumb Code    26  stm32f4xx_hal_cortex.o(i.HAL_NVIC_SetPriorityGrouping)
    HAL_PCDEx_LPM_Callback                   0x08000dbd   Thumb Code     2  stm32f4xx_hal_pcd_ex.o(i.HAL_PCDEx_LPM_Callback)
    HAL_PCDEx_SetRxFiFo                      0x08000dbf   Thumb Code     8  stm32f4xx_hal_pcd_ex.o(i.HAL_PCDEx_SetRxFiFo)
    HAL_PCDEx_SetTxFiFo                      0x08000dc7   Thumb Code    68  stm32f4xx_hal_pcd_ex.o(i.HAL_PCDEx_SetTxFiFo)
    HAL_PCD_ConnectCallback                  0x08000e0b   Thumb Code     8  usbd_conf.o(i.HAL_PCD_ConnectCallback)
    HAL_PCD_DataInStageCallback              0x08000e13   Thumb Code    18  usbd_conf.o(i.HAL_PCD_DataInStageCallback)
    HAL_PCD_DataOutStageCallback             0x08000e25   Thumb Code    20  usbd_conf.o(i.HAL_PCD_DataOutStageCallback)
    HAL_PCD_DisconnectCallback               0x08000e39   Thumb Code     8  usbd_conf.o(i.HAL_PCD_DisconnectCallback)
    HAL_PCD_EP_Close                         0x08000e41   Thumb Code    76  stm32f4xx_hal_pcd.o(i.HAL_PCD_EP_Close)
    HAL_PCD_EP_ClrStall                      0x08000e8d   Thumb Code    92  stm32f4xx_hal_pcd.o(i.HAL_PCD_EP_ClrStall)
    HAL_PCD_EP_GetRxCount                    0x08000ee9   Thumb Code    18  stm32f4xx_hal_pcd.o(i.HAL_PCD_EP_GetRxCount)
    HAL_PCD_EP_Open                          0x08000efb   Thumb Code    96  stm32f4xx_hal_pcd.o(i.HAL_PCD_EP_Open)
    HAL_PCD_EP_Receive                       0x08000f5b   Thumb Code    72  stm32f4xx_hal_pcd.o(i.HAL_PCD_EP_Receive)
    HAL_PCD_EP_SetStall                      0x08000fa3   Thumb Code   116  stm32f4xx_hal_pcd.o(i.HAL_PCD_EP_SetStall)
    HAL_PCD_EP_Transmit                      0x08001017   Thumb Code    64  stm32f4xx_hal_pcd.o(i.HAL_PCD_EP_Transmit)
    HAL_PCD_IRQHandler                       0x08001059   Thumb Code  1070  stm32f4xx_hal_pcd.o(i.HAL_PCD_IRQHandler)
    HAL_PCD_ISOINIncompleteCallback          0x0800148d   Thumb Code     8  usbd_conf.o(i.HAL_PCD_ISOINIncompleteCallback)
    HAL_PCD_ISOOUTIncompleteCallback         0x08001495   Thumb Code     8  usbd_conf.o(i.HAL_PCD_ISOOUTIncompleteCallback)
    HAL_PCD_Init                             0x0800149d   Thumb Code   226  stm32f4xx_hal_pcd.o(i.HAL_PCD_Init)
    HAL_PCD_MspInit                          0x08001581   Thumb Code   124  usbd_conf.o(i.HAL_PCD_MspInit)
    HAL_PCD_ResetCallback                    0x08001609   Thumb Code    44  usbd_conf.o(i.HAL_PCD_ResetCallback)
    HAL_PCD_ResumeCallback                   0x08001635   Thumb Code     8  usbd_conf.o(i.HAL_PCD_ResumeCallback)
    HAL_PCD_SOFCallback                      0x0800163d   Thumb Code     8  usbd_conf.o(i.HAL_PCD_SOFCallback)
    HAL_PCD_SetAddress                       0x08001645   Thumb Code    40  stm32f4xx_hal_pcd.o(i.HAL_PCD_SetAddress)
    HAL_PCD_SetupStageCallback               0x0800166d   Thumb Code    14  usbd_conf.o(i.HAL_PCD_SetupStageCallback)
    HAL_PCD_Start                            0x0800167b   Thumb Code    66  stm32f4xx_hal_pcd.o(i.HAL_PCD_Start)
    HAL_PCD_SuspendCallback                  0x080016bd   Thumb Code    44  usbd_conf.o(i.HAL_PCD_SuspendCallback)
    HAL_RCC_ClockConfig                      0x080016ed   Thumb Code   288  stm32f4xx_hal_rcc.o(i.HAL_RCC_ClockConfig)
    HAL_RCC_GetHCLKFreq                      0x08001821   Thumb Code     6  stm32f4xx_hal_rcc.o(i.HAL_RCC_GetHCLKFreq)
    HAL_RCC_GetPCLK1Freq                     0x0800182d   Thumb Code    20  stm32f4xx_hal_rcc.o(i.HAL_RCC_GetPCLK1Freq)
    HAL_RCC_GetPCLK2Freq                     0x0800184d   Thumb Code    20  stm32f4xx_hal_rcc.o(i.HAL_RCC_GetPCLK2Freq)
    HAL_RCC_GetSysClockFreq                  0x0800186d   Thumb Code    88  stm32f4xx_hal_rcc.o(i.HAL_RCC_GetSysClockFreq)
    HAL_RCC_OscConfig                        0x080018cd   Thumb Code   840  stm32f4xx_hal_rcc.o(i.HAL_RCC_OscConfig)
    HAL_SRAM_Init                            0x08001c29   Thumb Code    86  stm32f4xx_hal_sram.o(i.HAL_SRAM_Init)
    HAL_SRAM_MspInit                         0x08001c7f   Thumb Code     4  fmc.o(i.HAL_SRAM_MspInit)
    HAL_SYSTICK_Config                       0x08001c83   Thumb Code    40  stm32f4xx_hal_cortex.o(i.HAL_SYSTICK_Config)
    HAL_TIMEx_BreakCallback                  0x08001cab   Thumb Code     2  stm32f4xx_hal_tim_ex.o(i.HAL_TIMEx_BreakCallback)
    HAL_TIMEx_CommutCallback                 0x08001cad   Thumb Code     2  stm32f4xx_hal_tim_ex.o(i.HAL_TIMEx_CommutCallback)
    HAL_TIMEx_MasterConfigSynchronization    0x08001cb1   Thumb Code   116  stm32f4xx_hal_tim_ex.o(i.HAL_TIMEx_MasterConfigSynchronization)
    HAL_TIM_Base_Init                        0x08001d41   Thumb Code    54  stm32f4xx_hal_tim.o(i.HAL_TIM_Base_Init)
    HAL_TIM_Base_MspInit                     0x08001d79   Thumb Code    50  tim.o(i.HAL_TIM_Base_MspInit)
    HAL_TIM_Base_Start                       0x08001db1   Thumb Code    36  stm32f4xx_hal_tim.o(i.HAL_TIM_Base_Start)
    HAL_TIM_ConfigClockSource                0x08001dd5   Thumb Code   214  stm32f4xx_hal_tim.o(i.HAL_TIM_ConfigClockSource)
    HAL_TIM_IC_CaptureCallback               0x08001eab   Thumb Code     2  stm32f4xx_hal_tim.o(i.HAL_TIM_IC_CaptureCallback)
    HAL_TIM_IRQHandler                       0x08001ead   Thumb Code   358  stm32f4xx_hal_tim.o(i.HAL_TIM_IRQHandler)
    HAL_TIM_OC_DelayElapsedCallback          0x08002013   Thumb Code     2  stm32f4xx_hal_tim.o(i.HAL_TIM_OC_DelayElapsedCallback)
    HAL_TIM_PWM_PulseFinishedCallback        0x08002015   Thumb Code     2  stm32f4xx_hal_tim.o(i.HAL_TIM_PWM_PulseFinishedCallback)
    HAL_TIM_PeriodElapsedCallback            0x08002017   Thumb Code     2  stm32f4xx_hal_tim.o(i.HAL_TIM_PeriodElapsedCallback)
    HAL_TIM_TriggerCallback                  0x08002019   Thumb Code     2  stm32f4xx_hal_tim.o(i.HAL_TIM_TriggerCallback)
    HAL_UART_ErrorCallback                   0x0800201b   Thumb Code     2  stm32f4xx_hal_uart.o(i.HAL_UART_ErrorCallback)
    HAL_UART_IRQHandler                      0x0800201d   Thumb Code   270  stm32f4xx_hal_uart.o(i.HAL_UART_IRQHandler)
    HAL_UART_Init                            0x08002131   Thumb Code    98  stm32f4xx_hal_uart.o(i.HAL_UART_Init)
    HAL_UART_MspInit                         0x08002195   Thumb Code   110  usart.o(i.HAL_UART_MspInit)
    HAL_UART_RxCpltCallback                  0x08002211   Thumb Code     2  stm32f4xx_hal_uart.o(i.HAL_UART_RxCpltCallback)
    HAL_UART_Transmit                        0x08002213   Thumb Code   186  stm32f4xx_hal_uart.o(i.HAL_UART_Transmit)
    HAL_UART_TxCpltCallback                  0x080022cd   Thumb Code     2  stm32f4xx_hal_uart.o(i.HAL_UART_TxCpltCallback)
    HardFault_Handler                        0x080022cf   Thumb Code     2  stm32f4xx_it.o(i.HardFault_Handler)
    MX_FMC_Init                              0x08002309   Thumb Code   104  fmc.o(i.MX_FMC_Init)
    MX_GPIO_Init                             0x08002379   Thumb Code   580  gpio.o(i.MX_GPIO_Init)
    MX_TIM2_Init                             0x080025dd   Thumb Code    96  tim.o(i.MX_TIM2_Init)
    MX_UART4_Init                            0x08002645   Thumb Code    48  usart.o(i.MX_UART4_Init)
    MX_USB_DEVICE_Init                       0x0800267d   Thumb Code    66  usb_device.o(i.MX_USB_DEVICE_Init)
    MemManage_Handler                        0x080026d1   Thumb Code     2  stm32f4xx_it.o(i.MemManage_Handler)
    NMI_Handler                              0x080026d3   Thumb Code     2  stm32f4xx_it.o(i.NMI_Handler)
    OTG_HS_IRQHandler                        0x080026d5   Thumb Code     6  stm32f4xx_it.o(i.OTG_HS_IRQHandler)
    PendSV_Handler                           0x0800284f   Thumb Code     2  stm32f4xx_it.o(i.PendSV_Handler)
    SRAM_Fill_With_Ones                      0x08002851   Thumb Code    54  main.o(i.SRAM_Fill_With_Ones)
    SRAM_Get_Values                          0x080028b1   Thumb Code   164  main.o(i.SRAM_Get_Values)
    SRAM_Read_16b                            0x080029e5   Thumb Code    10  main.o(i.SRAM_Read_16b)
    SRAM_Read_32b                            0x080029f5   Thumb Code    10  main.o(i.SRAM_Read_32b)
    SRAM_Write_16b                           0x08002a05   Thumb Code    10  main.o(i.SRAM_Write_16b)
    SVC_Handler                              0x08002a15   Thumb Code     2  stm32f4xx_it.o(i.SVC_Handler)
    SysTick_Handler                          0x08002a21   Thumb Code     4  stm32f4xx_it.o(i.SysTick_Handler)
    SystemClock_Config                       0x08002a25   Thumb Code   126  main.o(i.SystemClock_Config)
    SystemInit                               0x08002aad   Thumb Code    22  system_stm32f4xx.o(i.SystemInit)
    TIM2_IRQHandler                          0x08002ac9   Thumb Code     6  stm32f4xx_it.o(i.TIM2_IRQHandler)
    TIM_Base_SetConfig                       0x08002ad5   Thumb Code   156  stm32f4xx_hal_tim.o(i.TIM_Base_SetConfig)
    TIM_ETR_SetConfig                        0x08002b9d   Thumb Code    20  stm32f4xx_hal_tim.o(i.TIM_ETR_SetConfig)
    UART4_IRQHandler                         0x08002c09   Thumb Code     6  stm32f4xx_it.o(i.UART4_IRQHandler)
    USBD_CDC_GetDeviceQualifierDescriptor    0x08002fc1   Thumb Code     8  usbd_cdc.o(i.USBD_CDC_GetDeviceQualifierDescriptor)
    USBD_CDC_ReceivePacket                   0x08003093   Thumb Code    40  usbd_cdc.o(i.USBD_CDC_ReceivePacket)
    USBD_CDC_RegisterInterface               0x080030bb   Thumb Code    14  usbd_cdc.o(i.USBD_CDC_RegisterInterface)
    USBD_CDC_SetRxBuffer                     0x080030c9   Thumb Code    12  usbd_cdc.o(i.USBD_CDC_SetRxBuffer)
    USBD_CDC_SetTxBuffer                     0x080030d5   Thumb Code    16  usbd_cdc.o(i.USBD_CDC_SetTxBuffer)
    USBD_ClrClassConfig                      0x08003195   Thumb Code    16  usbd_core.o(i.USBD_ClrClassConfig)
    USBD_CtlContinueRx                       0x080031a5   Thumb Code    16  usbd_ioreq.o(i.USBD_CtlContinueRx)
    USBD_CtlContinueSendData                 0x080031b5   Thumb Code    16  usbd_ioreq.o(i.USBD_CtlContinueSendData)
    USBD_CtlError                            0x080031c5   Thumb Code    22  usbd_ctlreq.o(i.USBD_CtlError)
    USBD_CtlPrepareRx                        0x080031db   Thumb Code    30  usbd_ioreq.o(i.USBD_CtlPrepareRx)
    USBD_CtlReceiveStatus                    0x080031f9   Thumb Code    22  usbd_ioreq.o(i.USBD_CtlReceiveStatus)
    USBD_CtlSendData                         0x0800320f   Thumb Code    26  usbd_ioreq.o(i.USBD_CtlSendData)
    USBD_CtlSendStatus                       0x08003229   Thumb Code    22  usbd_ioreq.o(i.USBD_CtlSendStatus)
    USBD_GetString                           0x08003325   Thumb Code    72  usbd_ctlreq.o(i.USBD_GetString)
    USBD_Get_USB_Status                      0x0800336d   Thumb Code    24  usbd_conf.o(i.USBD_Get_USB_Status)
    USBD_HS_ConfigStrDescriptor              0x08003385   Thumb Code    16  usbd_desc.o(i.USBD_HS_ConfigStrDescriptor)
    USBD_HS_DeviceDescriptor                 0x080033a5   Thumb Code     8  usbd_desc.o(i.USBD_HS_DeviceDescriptor)
    USBD_HS_InterfaceStrDescriptor           0x080033b1   Thumb Code    16  usbd_desc.o(i.USBD_HS_InterfaceStrDescriptor)
    USBD_HS_LangIDStrDescriptor              0x080033d5   Thumb Code     8  usbd_desc.o(i.USBD_HS_LangIDStrDescriptor)
    USBD_HS_ManufacturerStrDescriptor        0x080033e1   Thumb Code    16  usbd_desc.o(i.USBD_HS_ManufacturerStrDescriptor)
    USBD_HS_ProductStrDescriptor             0x08003409   Thumb Code    16  usbd_desc.o(i.USBD_HS_ProductStrDescriptor)
    USBD_HS_SerialStrDescriptor              0x08003435   Thumb Code    48  usbd_desc.o(i.USBD_HS_SerialStrDescriptor)
    USBD_Init                                0x0800346d   Thumb Code    52  usbd_core.o(i.USBD_Init)
    USBD_LL_ClearStallEP                     0x080034a1   Thumb Code    18  usbd_conf.o(i.USBD_LL_ClearStallEP)
    USBD_LL_CloseEP                          0x080034b3   Thumb Code    18  usbd_conf.o(i.USBD_LL_CloseEP)
    USBD_LL_DataInStage                      0x080034c5   Thumb Code   170  usbd_core.o(i.USBD_LL_DataInStage)
    USBD_LL_DataOutStage                     0x0800356f   Thumb Code   110  usbd_core.o(i.USBD_LL_DataOutStage)
    USBD_LL_DevConnected                     0x080035dd   Thumb Code     4  usbd_core.o(i.USBD_LL_DevConnected)
    USBD_LL_DevDisconnected                  0x080035e1   Thumb Code    24  usbd_core.o(i.USBD_LL_DevDisconnected)
    USBD_LL_GetRxDataSize                    0x080035f9   Thumb Code     8  usbd_conf.o(i.USBD_LL_GetRxDataSize)
    USBD_LL_Init                             0x08003601   Thumb Code    96  usbd_conf.o(i.USBD_LL_Init)
    USBD_LL_IsStallEP                        0x08003669   Thumb Code    32  usbd_conf.o(i.USBD_LL_IsStallEP)
    USBD_LL_IsoINIncomplete                  0x08003689   Thumb Code     4  usbd_core.o(i.USBD_LL_IsoINIncomplete)
    USBD_LL_IsoOUTIncomplete                 0x0800368d   Thumb Code     4  usbd_core.o(i.USBD_LL_IsoOUTIncomplete)
    USBD_LL_OpenEP                           0x08003691   Thumb Code    24  usbd_conf.o(i.USBD_LL_OpenEP)
    USBD_LL_PrepareReceive                   0x080036a9   Thumb Code    18  usbd_conf.o(i.USBD_LL_PrepareReceive)
    USBD_LL_Reset                            0x080036bb   Thumb Code    82  usbd_core.o(i.USBD_LL_Reset)
    USBD_LL_Resume                           0x0800370d   Thumb Code    20  usbd_core.o(i.USBD_LL_Resume)
    USBD_LL_SOF                              0x08003721   Thumb Code    24  usbd_core.o(i.USBD_LL_SOF)
    USBD_LL_SetSpeed                         0x08003739   Thumb Code     6  usbd_core.o(i.USBD_LL_SetSpeed)
    USBD_LL_SetUSBAddress                    0x0800373f   Thumb Code    18  usbd_conf.o(i.USBD_LL_SetUSBAddress)
    USBD_LL_SetupStage                       0x08003751   Thumb Code    96  usbd_core.o(i.USBD_LL_SetupStage)
    USBD_LL_StallEP                          0x080037b1   Thumb Code    18  usbd_conf.o(i.USBD_LL_StallEP)
    USBD_LL_Start                            0x080037c3   Thumb Code    18  usbd_conf.o(i.USBD_LL_Start)
    USBD_LL_Suspend                          0x080037d5   Thumb Code    18  usbd_core.o(i.USBD_LL_Suspend)
    USBD_LL_Transmit                         0x080037e7   Thumb Code    18  usbd_conf.o(i.USBD_LL_Transmit)
    USBD_ParseSetupRequest                   0x080037f9   Thumb Code    44  usbd_ctlreq.o(i.USBD_ParseSetupRequest)
    USBD_RegisterClass                       0x08003825   Thumb Code    34  usbd_core.o(i.USBD_RegisterClass)
    USBD_SetClassConfig                      0x08003847   Thumb Code    20  usbd_core.o(i.USBD_SetClassConfig)
    USBD_Start                               0x08003919   Thumb Code     4  usbd_core.o(i.USBD_Start)
    USBD_StdDevReq                           0x0800391d   Thumb Code   276  usbd_ctlreq.o(i.USBD_StdDevReq)
    USBD_StdEPReq                            0x08003a31   Thumb Code   332  usbd_ctlreq.o(i.USBD_StdEPReq)
    USBD_StdItfReq                           0x08003b7d   Thumb Code    82  usbd_ctlreq.o(i.USBD_StdItfReq)
    USB_ActivateEndpoint                     0x08003bd1   Thumb Code   122  stm32f4xx_ll_usb.o(i.USB_ActivateEndpoint)
    USB_ActivateSetup                        0x08003c51   Thumb Code    28  stm32f4xx_ll_usb.o(i.USB_ActivateSetup)
    USB_CoreInit                             0x08003c6d   Thumb Code   112  stm32f4xx_ll_usb.o(i.USB_CoreInit)
    USB_DeactivateEndpoint                   0x08003d19   Thumb Code   194  stm32f4xx_ll_usb.o(i.USB_DeactivateEndpoint)
    USB_DevConnect                           0x08003de5   Thumb Code    24  stm32f4xx_ll_usb.o(i.USB_DevConnect)
    USB_DevDisconnect                        0x08003dfd   Thumb Code    24  stm32f4xx_ll_usb.o(i.USB_DevDisconnect)
    USB_DevInit                              0x08003e15   Thumb Code   362  stm32f4xx_ll_usb.o(i.USB_DevInit)
    USB_DisableGlobalInt                     0x08003f89   Thumb Code    12  stm32f4xx_ll_usb.o(i.USB_DisableGlobalInt)
    USB_EP0StartXfer                         0x08003f95   Thumb Code   276  stm32f4xx_ll_usb.o(i.USB_EP0StartXfer)
    USB_EP0_OutStart                         0x080040ad   Thumb Code    84  stm32f4xx_ll_usb.o(i.USB_EP0_OutStart)
    USB_EPClearStall                         0x08004105   Thumb Code    88  stm32f4xx_ll_usb.o(i.USB_EPClearStall)
    USB_EPSetStall                           0x0800415d   Thumb Code    88  stm32f4xx_ll_usb.o(i.USB_EPSetStall)
    USB_EPStartXfer                          0x080041b5   Thumb Code   482  stm32f4xx_ll_usb.o(i.USB_EPStartXfer)
    USB_EnableGlobalInt                      0x0800439d   Thumb Code    12  stm32f4xx_ll_usb.o(i.USB_EnableGlobalInt)
    USB_FlushRxFifo                          0x080043a9   Thumb Code    28  stm32f4xx_ll_usb.o(i.USB_FlushRxFifo)
    USB_FlushTxFifo                          0x080043c9   Thumb Code    32  stm32f4xx_ll_usb.o(i.USB_FlushTxFifo)
    USB_GetDevSpeed                          0x080043ed   Thumb Code    26  stm32f4xx_ll_usb.o(i.USB_GetDevSpeed)
    USB_GetMode                              0x08004407   Thumb Code     8  stm32f4xx_ll_usb.o(i.USB_GetMode)
    USB_ReadDevAllInEpInterrupt              0x0800440f   Thumb Code    14  stm32f4xx_ll_usb.o(i.USB_ReadDevAllInEpInterrupt)
    USB_ReadDevAllOutEpInterrupt             0x0800441d   Thumb Code    14  stm32f4xx_ll_usb.o(i.USB_ReadDevAllOutEpInterrupt)
    USB_ReadDevInEPInterrupt                 0x0800442b   Thumb Code    36  stm32f4xx_ll_usb.o(i.USB_ReadDevInEPInterrupt)
    USB_ReadDevOutEPInterrupt                0x0800444f   Thumb Code    16  stm32f4xx_ll_usb.o(i.USB_ReadDevOutEPInterrupt)
    USB_ReadInterrupts                       0x0800445f   Thumb Code     8  stm32f4xx_ll_usb.o(i.USB_ReadInterrupts)
    USB_ReadPacket                           0x08004467   Thumb Code    28  stm32f4xx_ll_usb.o(i.USB_ReadPacket)
    USB_SetCurrentMode                       0x08004483   Thumb Code    46  stm32f4xx_ll_usb.o(i.USB_SetCurrentMode)
    USB_SetDevAddress                        0x080044b1   Thumb Code    34  stm32f4xx_ll_usb.o(i.USB_SetDevAddress)
    USB_SetTurnaroundTime                    0x080044d5   Thumb Code   158  stm32f4xx_ll_usb.o(i.USB_SetTurnaroundTime)
    USB_WritePacket                          0x080045bd   Thumb Code    36  stm32f4xx_ll_usb.o(i.USB_WritePacket)
    UsageFault_Handler                       0x080045e1   Thumb Code     2  stm32f4xx_it.o(i.UsageFault_Handler)
    __0printf                                0x080045e5   Thumb Code    22  printfa.o(i.__0printf)
    __1printf                                0x080045e5   Thumb Code     0  printfa.o(i.__0printf)
    __2printf                                0x080045e5   Thumb Code     0  printfa.o(i.__0printf)
    __c89printf                              0x080045e5   Thumb Code     0  printfa.o(i.__0printf)
    printf                                   0x080045e5   Thumb Code     0  printfa.o(i.__0printf)
    __scatterload_copy                       0x08004625   Thumb Code    14  handlers.o(i.__scatterload_copy)
    __scatterload_null                       0x08004633   Thumb Code     2  handlers.o(i.__scatterload_null)
    __scatterload_zeroinit                   0x08004635   Thumb Code    14  handlers.o(i.__scatterload_zeroinit)
    fputc                                    0x08004ef9   Thumb Code    20  main.o(i.fputc)
    free                                     0x08004f11   Thumb Code    76  malloc.o(i.free)
    get_num_one_16b                          0x08004f61   Thumb Code     4  main.o(i.get_num_one_16b)
    get_num_zero_16b                         0x08004f65   Thumb Code    14  main.o(i.get_num_zero_16b)
    hamming_weight_16b                       0x08004f73   Thumb Code    52  main.o(i.hamming_weight_16b)
    init_arguments                           0x08004fa9   Thumb Code    12  main.o(i.init_arguments)
    init_counter                             0x08004fb9   Thumb Code    14  main.o(i.init_counter)
    main                                     0x08004fcd   Thumb Code   110  main.o(i.main)
    malloc                                   0x080050b9   Thumb Code    92  malloc.o(i.malloc)
    sram_read                                0x08005125   Thumb Code    48  main.o(i.sram_read)
    AHBPrescTable                            0x08005160   Data          16  system_stm32f4xx.o(.constdata)
    APBPrescTable                            0x08005170   Data           8  system_stm32f4xx.o(.constdata)
    Region$$Table$$Base                      0x080051c4   Number         0  anon$$obj.o(Region$$Table)
    Region$$Table$$Limit                     0x080051e4   Number         0  anon$$obj.o(Region$$Table)
    sram_start                               0x20000000   Data           4  main.o(.data)
    sram_end                                 0x20000004   Data           4  main.o(.data)
    ptr                                      0x20000008   Data           4  main.o(.data)
    zero                                     0x2000000c   Data           4  main.o(.data)
    ones                                     0x20000010   Data           4  main.o(.data)
    write                                    0x20000014   Data           4  main.o(.data)
    write_mode                               0x20000018   Data           4  main.o(.data)
    start_value                              0x2000001c   Data           4  main.o(.data)
    start_adr                                0x20000020   Data           4  main.o(.data)
    end_adr                                  0x20000024   Data           4  main.o(.data)
    counter                                  0x20000028   Data           4  main.o(.data)
    total_one                                0x2000002c   Data           4  main.o(.data)
    total_zero                               0x20000030   Data           4  main.o(.data)
    flipped_one                              0x20000034   Data           4  main.o(.data)
    flipped_zero                             0x20000038   Data           4  main.o(.data)
    HS_Desc                                  0x20000044   Data          28  usbd_desc.o(.data)
    USBD_LangIDDesc                          0x20000060   Data           4  usbd_desc.o(.data)
    USBD_HS_DeviceDesc                       0x20000064   Data          18  usbd_desc.o(.data)
    USBD_StringSerial                        0x20000078   Data          26  usbd_desc.o(.data)
    USBD_Interface_fops_HS                   0x20000094   Data          20  usbd_cdc_if.o(.data)
    uwTickFreq                               0x200000a8   Data           1  stm32f4xx_hal.o(.data)
    uwTickPrio                               0x200000ac   Data           4  stm32f4xx_hal.o(.data)
    uwTick                                   0x200000b0   Data           4  stm32f4xx_hal.o(.data)
    SystemCoreClock                          0x200000b4   Data           4  system_stm32f4xx.o(.data)
    USBD_CDC                                 0x20000194   Data          56  usbd_cdc.o(.data)
    __stdout                                 0x200001cc   Data           4  stdout.o(.data)
    __microlib_freelist                      0x200001d0   Data           4  mvars.o(.data)
    __microlib_freelist_initialised          0x200001d4   Data           4  mvars.o(.data)
    hsram1                                   0x200001d8   Data          80  fmc.o(.bss)
    htim2                                    0x20000228   Data          64  tim.o(.bss)
    huart4                                   0x20000268   Data          64  usart.o(.bss)
    hUsbDeviceHS                             0x200002a8   Data         720  usb_device.o(.bss)
    hpcd_USB_OTG_HS                          0x20000578   Data        1032  usbd_conf.o(.bss)
    USBD_StrDesc                             0x20000980   Data         512  usbd_desc.o(.bss)
    UserRxBufferHS                           0x20000b80   Data        2048  usbd_cdc_if.o(.bss)
    UserTxBufferHS                           0x20001380   Data        2048  usbd_cdc_if.o(.bss)
    __heap_base                              0x20001b80   Data           0  startup_stm32f429xx.o(HEAP)
    __heap_limit                             0x20001d80   Data           0  startup_stm32f429xx.o(HEAP)
    __initial_sp                             0x20002180   Data           0  startup_stm32f429xx.o(STACK)



==============================================================================

Memory Map of the image

  Image Entry point : 0x080001ad

  Load Region LR_IROM1 (Base: 0x08000000, Size: 0x000053bc, Max: 0x00200000, ABSOLUTE, COMPRESSED[0x000052bc])

    Execution Region ER_IROM1 (Exec base: 0x08000000, Load base: 0x08000000, Size: 0x000051e4, Max: 0x00200000, ABSOLUTE)

    Exec Addr    Load Addr    Size         Type   Attr      Idx    E Section Name        Object

    0x08000000   0x08000000   0x000001ac   Data   RO            3    RESET               startup_stm32f429xx.o
    0x080001ac   0x080001ac   0x00000000   Code   RO         4748  * .ARM.Collect$$$$00000000  mc_w.l(entry.o)
    0x080001ac   0x080001ac   0x00000004   Code   RO         5054    .ARM.Collect$$$$00000001  mc_w.l(entry2.o)
    0x080001b0   0x080001b0   0x00000004   Code   RO         5057    .ARM.Collect$$$$00000004  mc_w.l(entry5.o)
    0x080001b4   0x080001b4   0x00000000   Code   RO         5059    .ARM.Collect$$$$00000008  mc_w.l(entry7b.o)
    0x080001b4   0x080001b4   0x00000000   Code   RO         5061    .ARM.Collect$$$$0000000A  mc_w.l(entry8b.o)
    0x080001b4   0x080001b4   0x00000008   Code   RO         5062    .ARM.Collect$$$$0000000B  mc_w.l(entry9a.o)
    0x080001bc   0x080001bc   0x00000000   Code   RO         5064    .ARM.Collect$$$$0000000D  mc_w.l(entry10a.o)
    0x080001bc   0x080001bc   0x00000000   Code   RO         5066    .ARM.Collect$$$$0000000F  mc_w.l(entry11a.o)
    0x080001bc   0x080001bc   0x00000004   Code   RO         5055    .ARM.Collect$$$$00002712  mc_w.l(entry2.o)
    0x080001c0   0x080001c0   0x00000024   Code   RO            4    .text               startup_stm32f429xx.o
    0x080001e4   0x080001e4   0x00000062   Code   RO         4751    .text               mc_w.l(uldiv.o)
    0x08000246   0x08000246   0x00000024   Code   RO         4753    .text               mc_w.l(memcpya.o)
    0x0800026a   0x0800026a   0x00000024   Code   RO         4755    .text               mc_w.l(memseta.o)
    0x0800028e   0x0800028e   0x000000de   Code   RO         5048    .text               mf_w.l(ddiv.o)
    0x0800036c   0x0800036c   0x00000026   Code   RO         5052    .text               mf_w.l(f2d.o)
    0x08000392   0x08000392   0x0000002c   Code   RO         5069    .text               mc_w.l(uidiv.o)
    0x080003be   0x080003be   0x0000001e   Code   RO         5071    .text               mc_w.l(llshl.o)
    0x080003dc   0x080003dc   0x00000020   Code   RO         5073    .text               mc_w.l(llushr.o)
    0x080003fc   0x080003fc   0x00000000   Code   RO         5077    .text               mc_w.l(iusefp.o)
    0x080003fc   0x080003fc   0x000000ba   Code   RO         5078    .text               mf_w.l(depilogue.o)
    0x080004b6   0x080004b6   0x0000014e   Code   RO         5080    .text               mf_w.l(dadd.o)
    0x08000604   0x08000604   0x000000e4   Code   RO         5082    .text               mf_w.l(dmul.o)
    0x080006e8   0x080006e8   0x00000030   Code   RO         5084    .text               mf_w.l(dfixul.o)
    0x08000718   0x08000718   0x00000030   Code   RO         5086    .text               mf_w.l(cdrcmple.o)
    0x08000748   0x08000748   0x00000024   Code   RO         5088    .text               mc_w.l(init.o)
    0x0800076c   0x0800076c   0x00000024   Code   RO         5090    .text               mc_w.l(llsshr.o)
    0x08000790   0x08000790   0x00000056   Code   RO         5100    .text               mc_w.l(__dczerorl2.o)
    0x080007e6   0x080007e6   0x00000002   Code   RO          888    i.BusFault_Handler  stm32f4xx_it.o
    0x080007e8   0x080007e8   0x00000004   Code   RO          831    i.CDC_Control_HS    usbd_cdc_if.o
    0x080007ec   0x080007ec   0x00000004   Code   RO          832    i.CDC_DeInit_HS     usbd_cdc_if.o
    0x080007f0   0x080007f0   0x00000024   Code   RO          833    i.CDC_Init_HS       usbd_cdc_if.o
    0x08000814   0x08000814   0x00000018   Code   RO          834    i.CDC_Receive_HS    usbd_cdc_if.o
    0x0800082c   0x0800082c   0x00000004   Code   RO          835    i.CDC_TransmitCplt_HS  usbd_cdc_if.o
    0x08000830   0x08000830   0x00000002   Code   RO          889    i.DebugMon_Handler  stm32f4xx_it.o
    0x08000832   0x08000832   0x00000002   Code   RO           13    i.Error_Handler     main.o
    0x08000834   0x08000834   0x00000040   Code   RO         2790    i.FMC_NORSRAM_Extended_Timing_Init  stm32f4xx_ll_fmc.o
    0x08000874   0x08000874   0x0000006c   Code   RO         2791    i.FMC_NORSRAM_Init  stm32f4xx_ll_fmc.o
    0x080008e0   0x080008e0   0x0000005c   Code   RO         2792    i.FMC_NORSRAM_Timing_Init  stm32f4xx_ll_fmc.o
    0x0800093c   0x0800093c   0x00000024   Code   RO         2083    i.HAL_DMA_Abort_IT  stm32f4xx_hal_dma.o
    0x08000960   0x08000960   0x00000024   Code   RO         2519    i.HAL_Delay         stm32f4xx_hal.o
    0x08000984   0x08000984   0x00000114   Code   RO          370    i.HAL_FMC_MspInit   fmc.o
    0x08000a98   0x08000a98   0x000001d4   Code   RO         1975    i.HAL_GPIO_Init     stm32f4xx_hal_gpio.o
    0x08000c6c   0x08000c6c   0x0000000a   Code   RO         1979    i.HAL_GPIO_WritePin  stm32f4xx_hal_gpio.o
    0x08000c76   0x08000c76   0x00000002   PAD
    0x08000c78   0x08000c78   0x0000000c   Code   RO         2527    i.HAL_GetTick       stm32f4xx_hal.o
    0x08000c84   0x08000c84   0x00000010   Code   RO         2533    i.HAL_IncTick       stm32f4xx_hal.o
    0x08000c94   0x08000c94   0x00000034   Code   RO         2534    i.HAL_Init          stm32f4xx_hal.o
    0x08000cc8   0x08000cc8   0x00000040   Code   RO         2535    i.HAL_InitTick      stm32f4xx_hal.o
    0x08000d08   0x08000d08   0x00000034   Code   RO          982    i.HAL_MspInit       stm32f4xx_hal_msp.o
    0x08000d3c   0x08000d3c   0x0000001a   Code   RO         2382    i.HAL_NVIC_EnableIRQ  stm32f4xx_hal_cortex.o
    0x08000d56   0x08000d56   0x00000002   PAD
    0x08000d58   0x08000d58   0x00000040   Code   RO         2388    i.HAL_NVIC_SetPriority  stm32f4xx_hal_cortex.o
    0x08000d98   0x08000d98   0x00000024   Code   RO         2389    i.HAL_NVIC_SetPriorityGrouping  stm32f4xx_hal_cortex.o
    0x08000dbc   0x08000dbc   0x00000002   Code   RO         1227    i.HAL_PCDEx_LPM_Callback  stm32f4xx_hal_pcd_ex.o
    0x08000dbe   0x08000dbe   0x00000008   Code   RO         1228    i.HAL_PCDEx_SetRxFiFo  stm32f4xx_hal_pcd_ex.o
    0x08000dc6   0x08000dc6   0x00000044   Code   RO         1229    i.HAL_PCDEx_SetTxFiFo  stm32f4xx_hal_pcd_ex.o
    0x08000e0a   0x08000e0a   0x00000008   Code   RO          550    i.HAL_PCD_ConnectCallback  usbd_conf.o
    0x08000e12   0x08000e12   0x00000012   Code   RO          551    i.HAL_PCD_DataInStageCallback  usbd_conf.o
    0x08000e24   0x08000e24   0x00000014   Code   RO          552    i.HAL_PCD_DataOutStageCallback  usbd_conf.o
    0x08000e38   0x08000e38   0x00000008   Code   RO          553    i.HAL_PCD_DisconnectCallback  usbd_conf.o
    0x08000e40   0x08000e40   0x0000004c   Code   RO         1015    i.HAL_PCD_EP_Close  stm32f4xx_hal_pcd.o
    0x08000e8c   0x08000e8c   0x0000005c   Code   RO         1016    i.HAL_PCD_EP_ClrStall  stm32f4xx_hal_pcd.o
    0x08000ee8   0x08000ee8   0x00000012   Code   RO         1018    i.HAL_PCD_EP_GetRxCount  stm32f4xx_hal_pcd.o
    0x08000efa   0x08000efa   0x00000060   Code   RO         1019    i.HAL_PCD_EP_Open   stm32f4xx_hal_pcd.o
    0x08000f5a   0x08000f5a   0x00000048   Code   RO         1020    i.HAL_PCD_EP_Receive  stm32f4xx_hal_pcd.o
    0x08000fa2   0x08000fa2   0x00000074   Code   RO         1021    i.HAL_PCD_EP_SetStall  stm32f4xx_hal_pcd.o
    0x08001016   0x08001016   0x00000040   Code   RO         1022    i.HAL_PCD_EP_Transmit  stm32f4xx_hal_pcd.o
    0x08001056   0x08001056   0x00000002   PAD
    0x08001058   0x08001058   0x00000434   Code   RO         1024    i.HAL_PCD_IRQHandler  stm32f4xx_hal_pcd.o
    0x0800148c   0x0800148c   0x00000008   Code   RO          554    i.HAL_PCD_ISOINIncompleteCallback  usbd_conf.o
    0x08001494   0x08001494   0x00000008   Code   RO          555    i.HAL_PCD_ISOOUTIncompleteCallback  usbd_conf.o
    0x0800149c   0x0800149c   0x000000e2   Code   RO         1027    i.HAL_PCD_Init      stm32f4xx_hal_pcd.o
    0x0800157e   0x0800157e   0x00000002   PAD
    0x08001580   0x08001580   0x00000088   Code   RO          557    i.HAL_PCD_MspInit   usbd_conf.o
    0x08001608   0x08001608   0x0000002c   Code   RO          558    i.HAL_PCD_ResetCallback  usbd_conf.o
    0x08001634   0x08001634   0x00000008   Code   RO          559    i.HAL_PCD_ResumeCallback  usbd_conf.o
    0x0800163c   0x0800163c   0x00000008   Code   RO          560    i.HAL_PCD_SOFCallback  usbd_conf.o
    0x08001644   0x08001644   0x00000028   Code   RO         1033    i.HAL_PCD_SetAddress  stm32f4xx_hal_pcd.o
    0x0800166c   0x0800166c   0x0000000e   Code   RO          561    i.HAL_PCD_SetupStageCallback  usbd_conf.o
    0x0800167a   0x0800167a   0x00000042   Code   RO         1035    i.HAL_PCD_Start     stm32f4xx_hal_pcd.o
    0x080016bc   0x080016bc   0x00000030   Code   RO          562    i.HAL_PCD_SuspendCallback  usbd_conf.o
    0x080016ec   0x080016ec   0x00000134   Code   RO         1569    i.HAL_RCC_ClockConfig  stm32f4xx_hal_rcc.o
    0x08001820   0x08001820   0x0000000c   Code   RO         1574    i.HAL_RCC_GetHCLKFreq  stm32f4xx_hal_rcc.o
    0x0800182c   0x0800182c   0x00000020   Code   RO         1576    i.HAL_RCC_GetPCLK1Freq  stm32f4xx_hal_rcc.o
    0x0800184c   0x0800184c   0x00000020   Code   RO         1577    i.HAL_RCC_GetPCLK2Freq  stm32f4xx_hal_rcc.o
    0x0800186c   0x0800186c   0x00000060   Code   RO         1578    i.HAL_RCC_GetSysClockFreq  stm32f4xx_hal_rcc.o
    0x080018cc   0x080018cc   0x0000035c   Code   RO         1581    i.HAL_RCC_OscConfig  stm32f4xx_hal_rcc.o
    0x08001c28   0x08001c28   0x00000056   Code   RO         2966    i.HAL_SRAM_Init     stm32f4xx_hal_sram.o
    0x08001c7e   0x08001c7e   0x00000004   Code   RO          372    i.HAL_SRAM_MspInit  fmc.o
    0x08001c82   0x08001c82   0x00000028   Code   RO         2393    i.HAL_SYSTICK_Config  stm32f4xx_hal_cortex.o
    0x08001caa   0x08001caa   0x00000002   Code   RO         3759    i.HAL_TIMEx_BreakCallback  stm32f4xx_hal_tim_ex.o
    0x08001cac   0x08001cac   0x00000002   Code   RO         3760    i.HAL_TIMEx_CommutCallback  stm32f4xx_hal_tim_ex.o
    0x08001cae   0x08001cae   0x00000002   PAD
    0x08001cb0   0x08001cb0   0x00000090   Code   RO         3777    i.HAL_TIMEx_MasterConfigSynchronization  stm32f4xx_hal_tim_ex.o
    0x08001d40   0x08001d40   0x00000036   Code   RO         3084    i.HAL_TIM_Base_Init  stm32f4xx_hal_tim.o
    0x08001d76   0x08001d76   0x00000002   PAD
    0x08001d78   0x08001d78   0x00000038   Code   RO          419    i.HAL_TIM_Base_MspInit  tim.o
    0x08001db0   0x08001db0   0x00000024   Code   RO         3087    i.HAL_TIM_Base_Start  stm32f4xx_hal_tim.o
    0x08001dd4   0x08001dd4   0x000000d6   Code   RO         3093    i.HAL_TIM_ConfigClockSource  stm32f4xx_hal_tim.o
    0x08001eaa   0x08001eaa   0x00000002   Code   RO         3113    i.HAL_TIM_IC_CaptureCallback  stm32f4xx_hal_tim.o
    0x08001eac   0x08001eac   0x00000166   Code   RO         3127    i.HAL_TIM_IRQHandler  stm32f4xx_hal_tim.o
    0x08002012   0x08002012   0x00000002   Code   RO         3130    i.HAL_TIM_OC_DelayElapsedCallback  stm32f4xx_hal_tim.o
    0x08002014   0x08002014   0x00000002   Code   RO         3157    i.HAL_TIM_PWM_PulseFinishedCallback  stm32f4xx_hal_tim.o
    0x08002016   0x08002016   0x00000002   Code   RO         3165    i.HAL_TIM_PeriodElapsedCallback  stm32f4xx_hal_tim.o
    0x08002018   0x08002018   0x00000002   Code   RO         3170    i.HAL_TIM_TriggerCallback  stm32f4xx_hal_tim.o
    0x0800201a   0x0800201a   0x00000002   Code   RO         4031    i.HAL_UART_ErrorCallback  stm32f4xx_hal_uart.o
    0x0800201c   0x0800201c   0x00000114   Code   RO         4034    i.HAL_UART_IRQHandler  stm32f4xx_hal_uart.o
    0x08002130   0x08002130   0x00000062   Code   RO         4035    i.HAL_UART_Init     stm32f4xx_hal_uart.o
    0x08002192   0x08002192   0x00000002   PAD
    0x08002194   0x08002194   0x0000007c   Code   RO          461    i.HAL_UART_MspInit  usart.o
    0x08002210   0x08002210   0x00000002   Code   RO         4041    i.HAL_UART_RxCpltCallback  stm32f4xx_hal_uart.o
    0x08002212   0x08002212   0x000000ba   Code   RO         4043    i.HAL_UART_Transmit  stm32f4xx_hal_uart.o
    0x080022cc   0x080022cc   0x00000002   Code   RO         4046    i.HAL_UART_TxCpltCallback  stm32f4xx_hal_uart.o
    0x080022ce   0x080022ce   0x00000002   Code   RO          890    i.HardFault_Handler  stm32f4xx_it.o
    0x080022d0   0x080022d0   0x00000038   Code   RO          745    i.IntToUnicode      usbd_desc.o
    0x08002308   0x08002308   0x00000070   Code   RO          373    i.MX_FMC_Init       fmc.o
    0x08002378   0x08002378   0x00000264   Code   RO          346    i.MX_GPIO_Init      gpio.o
    0x080025dc   0x080025dc   0x00000068   Code   RO          420    i.MX_TIM2_Init      tim.o
    0x08002644   0x08002644   0x00000038   Code   RO          462    i.MX_UART4_Init     usart.o
    0x0800267c   0x0800267c   0x00000054   Code   RO          502    i.MX_USB_DEVICE_Init  usb_device.o
    0x080026d0   0x080026d0   0x00000002   Code   RO          891    i.MemManage_Handler  stm32f4xx_it.o
    0x080026d2   0x080026d2   0x00000002   Code   RO          892    i.NMI_Handler       stm32f4xx_it.o
    0x080026d4   0x080026d4   0x0000000c   Code   RO          893    i.OTG_HS_IRQHandler  stm32f4xx_it.o
    0x080026e0   0x080026e0   0x000000cc   Code   RO         1038    i.PCD_EP_OutXfrComplete_int  stm32f4xx_hal_pcd.o
    0x080027ac   0x080027ac   0x000000a2   Code   RO         1039    i.PCD_WriteEmptyTxFifo  stm32f4xx_hal_pcd.o
    0x0800284e   0x0800284e   0x00000002   Code   RO          894    i.PendSV_Handler    stm32f4xx_it.o
    0x08002850   0x08002850   0x00000060   Code   RO           14    i.SRAM_Fill_With_Ones  main.o
    0x080028b0   0x080028b0   0x00000134   Code   RO           17    i.SRAM_Get_Values   main.o
    0x080029e4   0x080029e4   0x00000010   Code   RO           18    i.SRAM_Read_16b     main.o
    0x080029f4   0x080029f4   0x00000010   Code   RO           19    i.SRAM_Read_32b     main.o
    0x08002a04   0x08002a04   0x00000010   Code   RO           20    i.SRAM_Write_16b    main.o
    0x08002a14   0x08002a14   0x00000002   Code   RO          895    i.SVC_Handler       stm32f4xx_it.o
    0x08002a16   0x08002a16   0x0000000a   Code   RO         4512    i.SWAPBYTE          usbd_ctlreq.o
    0x08002a20   0x08002a20   0x00000004   Code   RO          896    i.SysTick_Handler   stm32f4xx_it.o
    0x08002a24   0x08002a24   0x00000088   Code   RO           23    i.SystemClock_Config  main.o
    0x08002aac   0x08002aac   0x0000001c   Code   RO         4337    i.SystemInit        system_stm32f4xx.o
    0x08002ac8   0x08002ac8   0x0000000c   Code   RO          897    i.TIM2_IRQHandler   stm32f4xx_it.o
    0x08002ad4   0x08002ad4   0x000000c8   Code   RO         3172    i.TIM_Base_SetConfig  stm32f4xx_hal_tim.o
    0x08002b9c   0x08002b9c   0x00000014   Code   RO         3183    i.TIM_ETR_SetConfig  stm32f4xx_hal_tim.o
    0x08002bb0   0x08002bb0   0x00000010   Code   RO         3184    i.TIM_ITRx_SetConfig  stm32f4xx_hal_tim.o
    0x08002bc0   0x08002bc0   0x00000022   Code   RO         3190    i.TIM_TI1_ConfigInputStage  stm32f4xx_hal_tim.o
    0x08002be2   0x08002be2   0x00000024   Code   RO         3192    i.TIM_TI2_ConfigInputStage  stm32f4xx_hal_tim.o
    0x08002c06   0x08002c06   0x00000002   PAD
    0x08002c08   0x08002c08   0x0000000c   Code   RO          898    i.UART4_IRQHandler  stm32f4xx_it.o
    0x08002c14   0x08002c14   0x00000010   Code   RO         4048    i.UART_DMAAbortOnError  stm32f4xx_hal_uart.o
    0x08002c24   0x08002c24   0x0000001c   Code   RO         4058    i.UART_EndRxTransfer  stm32f4xx_hal_uart.o
    0x08002c40   0x08002c40   0x00000096   Code   RO         4060    i.UART_Receive_IT   stm32f4xx_hal_uart.o
    0x08002cd6   0x08002cd6   0x00000002   PAD
    0x08002cd8   0x08002cd8   0x00000128   Code   RO         4061    i.UART_SetConfig    stm32f4xx_hal_uart.o
    0x08002e00   0x08002e00   0x00000062   Code   RO         4062    i.UART_Transmit_IT  stm32f4xx_hal_uart.o
    0x08002e62   0x08002e62   0x00000064   Code   RO         4063    i.UART_WaitOnFlagUntilTimeout  stm32f4xx_hal_uart.o
    0x08002ec6   0x08002ec6   0x00000062   Code   RO         4645    i.USBD_CDC_DataIn   usbd_cdc.o
    0x08002f28   0x08002f28   0x0000002a   Code   RO         4646    i.USBD_CDC_DataOut  usbd_cdc.o
    0x08002f52   0x08002f52   0x0000004a   Code   RO         4647    i.USBD_CDC_DeInit   usbd_cdc.o
    0x08002f9c   0x08002f9c   0x00000024   Code   RO         4648    i.USBD_CDC_EP0_RxReady  usbd_cdc.o
    0x08002fc0   0x08002fc0   0x0000000c   Code   RO         4649    i.USBD_CDC_GetDeviceQualifierDescriptor  usbd_cdc.o
    0x08002fcc   0x08002fcc   0x0000000c   Code   RO         4650    i.USBD_CDC_GetFSCfgDesc  usbd_cdc.o
    0x08002fd8   0x08002fd8   0x0000000c   Code   RO         4651    i.USBD_CDC_GetHSCfgDesc  usbd_cdc.o
    0x08002fe4   0x08002fe4   0x0000000c   Code   RO         4652    i.USBD_CDC_GetOtherSpeedCfgDesc  usbd_cdc.o
    0x08002ff0   0x08002ff0   0x000000a2   Code   RO         4653    i.USBD_CDC_Init     usbd_cdc.o
    0x08003092   0x08003092   0x00000028   Code   RO         4654    i.USBD_CDC_ReceivePacket  usbd_cdc.o
    0x080030ba   0x080030ba   0x0000000e   Code   RO         4655    i.USBD_CDC_RegisterInterface  usbd_cdc.o
    0x080030c8   0x080030c8   0x0000000c   Code   RO         4656    i.USBD_CDC_SetRxBuffer  usbd_cdc.o
    0x080030d4   0x080030d4   0x00000010   Code   RO         4657    i.USBD_CDC_SetTxBuffer  usbd_cdc.o
    0x080030e4   0x080030e4   0x000000b0   Code   RO         4658    i.USBD_CDC_Setup    usbd_cdc.o
    0x08003194   0x08003194   0x00000010   Code   RO         4374    i.USBD_ClrClassConfig  usbd_core.o
    0x080031a4   0x080031a4   0x00000010   Code   RO         4585    i.USBD_CtlContinueRx  usbd_ioreq.o
    0x080031b4   0x080031b4   0x00000010   Code   RO         4586    i.USBD_CtlContinueSendData  usbd_ioreq.o
    0x080031c4   0x080031c4   0x00000016   Code   RO         4513    i.USBD_CtlError     usbd_ctlreq.o
    0x080031da   0x080031da   0x0000001e   Code   RO         4587    i.USBD_CtlPrepareRx  usbd_ioreq.o
    0x080031f8   0x080031f8   0x00000016   Code   RO         4588    i.USBD_CtlReceiveStatus  usbd_ioreq.o
    0x0800320e   0x0800320e   0x0000001a   Code   RO         4589    i.USBD_CtlSendData  usbd_ioreq.o
    0x08003228   0x08003228   0x00000016   Code   RO         4590    i.USBD_CtlSendStatus  usbd_ioreq.o
    0x0800323e   0x0800323e   0x000000e6   Code   RO         4514    i.USBD_GetDescriptor  usbd_ctlreq.o
    0x08003324   0x08003324   0x00000048   Code   RO         4515    i.USBD_GetString    usbd_ctlreq.o
    0x0800336c   0x0800336c   0x00000018   Code   RO          563    i.USBD_Get_USB_Status  usbd_conf.o
    0x08003384   0x08003384   0x00000020   Code   RO          746    i.USBD_HS_ConfigStrDescriptor  usbd_desc.o
    0x080033a4   0x080033a4   0x0000000c   Code   RO          747    i.USBD_HS_DeviceDescriptor  usbd_desc.o
    0x080033b0   0x080033b0   0x00000024   Code   RO          748    i.USBD_HS_InterfaceStrDescriptor  usbd_desc.o
    0x080033d4   0x080033d4   0x0000000c   Code   RO          749    i.USBD_HS_LangIDStrDescriptor  usbd_desc.o
    0x080033e0   0x080033e0   0x00000028   Code   RO          750    i.USBD_HS_ManufacturerStrDescriptor  usbd_desc.o
    0x08003408   0x08003408   0x0000002c   Code   RO          751    i.USBD_HS_ProductStrDescriptor  usbd_desc.o
    0x08003434   0x08003434   0x00000038   Code   RO          752    i.USBD_HS_SerialStrDescriptor  usbd_desc.o
    0x0800346c   0x0800346c   0x00000034   Code   RO         4376    i.USBD_Init         usbd_core.o
    0x080034a0   0x080034a0   0x00000012   Code   RO          564    i.USBD_LL_ClearStallEP  usbd_conf.o
    0x080034b2   0x080034b2   0x00000012   Code   RO          565    i.USBD_LL_CloseEP   usbd_conf.o
    0x080034c4   0x080034c4   0x000000aa   Code   RO         4377    i.USBD_LL_DataInStage  usbd_core.o
    0x0800356e   0x0800356e   0x0000006e   Code   RO         4378    i.USBD_LL_DataOutStage  usbd_core.o
    0x080035dc   0x080035dc   0x00000004   Code   RO         4379    i.USBD_LL_DevConnected  usbd_core.o
    0x080035e0   0x080035e0   0x00000018   Code   RO         4380    i.USBD_LL_DevDisconnected  usbd_core.o
    0x080035f8   0x080035f8   0x00000008   Code   RO          569    i.USBD_LL_GetRxDataSize  usbd_conf.o
    0x08003600   0x08003600   0x00000068   Code   RO          570    i.USBD_LL_Init      usbd_conf.o
    0x08003668   0x08003668   0x00000020   Code   RO          571    i.USBD_LL_IsStallEP  usbd_conf.o
    0x08003688   0x08003688   0x00000004   Code   RO         4381    i.USBD_LL_IsoINIncomplete  usbd_core.o
    0x0800368c   0x0800368c   0x00000004   Code   RO         4382    i.USBD_LL_IsoOUTIncomplete  usbd_core.o
    0x08003690   0x08003690   0x00000018   Code   RO          572    i.USBD_LL_OpenEP    usbd_conf.o
    0x080036a8   0x080036a8   0x00000012   Code   RO          573    i.USBD_LL_PrepareReceive  usbd_conf.o
    0x080036ba   0x080036ba   0x00000052   Code   RO         4383    i.USBD_LL_Reset     usbd_core.o
    0x0800370c   0x0800370c   0x00000014   Code   RO         4384    i.USBD_LL_Resume    usbd_core.o
    0x08003720   0x08003720   0x00000018   Code   RO         4385    i.USBD_LL_SOF       usbd_core.o
    0x08003738   0x08003738   0x00000006   Code   RO         4386    i.USBD_LL_SetSpeed  usbd_core.o
    0x0800373e   0x0800373e   0x00000012   Code   RO          574    i.USBD_LL_SetUSBAddress  usbd_conf.o
    0x08003750   0x08003750   0x00000060   Code   RO         4387    i.USBD_LL_SetupStage  usbd_core.o
    0x080037b0   0x080037b0   0x00000012   Code   RO          575    i.USBD_LL_StallEP   usbd_conf.o
    0x080037c2   0x080037c2   0x00000012   Code   RO          576    i.USBD_LL_Start     usbd_conf.o
    0x080037d4   0x080037d4   0x00000012   Code   RO         4388    i.USBD_LL_Suspend   usbd_core.o
    0x080037e6   0x080037e6   0x00000012   Code   RO          578    i.USBD_LL_Transmit  usbd_conf.o
    0x080037f8   0x080037f8   0x0000002c   Code   RO         4516    i.USBD_ParseSetupRequest  usbd_ctlreq.o
    0x08003824   0x08003824   0x00000022   Code   RO         4389    i.USBD_RegisterClass  usbd_core.o
    0x08003846   0x08003846   0x00000014   Code   RO         4391    i.USBD_SetClassConfig  usbd_core.o
    0x0800385a   0x0800385a   0x00000002   PAD
    0x0800385c   0x0800385c   0x000000bc   Code   RO         4517    i.USBD_SetConfig    usbd_ctlreq.o
    0x08003918   0x08003918   0x00000004   Code   RO         4392    i.USBD_Start        usbd_core.o
    0x0800391c   0x0800391c   0x00000114   Code   RO         4518    i.USBD_StdDevReq    usbd_ctlreq.o
    0x08003a30   0x08003a30   0x0000014c   Code   RO         4519    i.USBD_StdEPReq     usbd_ctlreq.o
    0x08003b7c   0x08003b7c   0x00000052   Code   RO         4520    i.USBD_StdItfReq    usbd_ctlreq.o
    0x08003bce   0x08003bce   0x00000002   PAD
    0x08003bd0   0x08003bd0   0x00000080   Code   RO         1269    i.USB_ActivateEndpoint  stm32f4xx_ll_usb.o
    0x08003c50   0x08003c50   0x0000001c   Code   RO         1271    i.USB_ActivateSetup  stm32f4xx_ll_usb.o
    0x08003c6c   0x08003c6c   0x00000074   Code   RO         1273    i.USB_CoreInit      stm32f4xx_ll_usb.o
    0x08003ce0   0x08003ce0   0x00000038   Code   RO         1274    i.USB_CoreReset     stm32f4xx_ll_usb.o
    0x08003d18   0x08003d18   0x000000cc   Code   RO         1277    i.USB_DeactivateEndpoint  stm32f4xx_ll_usb.o
    0x08003de4   0x08003de4   0x00000018   Code   RO         1278    i.USB_DevConnect    stm32f4xx_ll_usb.o
    0x08003dfc   0x08003dfc   0x00000018   Code   RO         1279    i.USB_DevDisconnect  stm32f4xx_ll_usb.o
    0x08003e14   0x08003e14   0x00000174   Code   RO         1280    i.USB_DevInit       stm32f4xx_ll_usb.o
    0x08003f88   0x08003f88   0x0000000c   Code   RO         1281    i.USB_DisableGlobalInt  stm32f4xx_ll_usb.o
    0x08003f94   0x08003f94   0x00000118   Code   RO         1284    i.USB_EP0StartXfer  stm32f4xx_ll_usb.o
    0x080040ac   0x080040ac   0x00000058   Code   RO         1285    i.USB_EP0_OutStart  stm32f4xx_ll_usb.o
    0x08004104   0x08004104   0x00000058   Code   RO         1286    i.USB_EPClearStall  stm32f4xx_ll_usb.o
    0x0800415c   0x0800415c   0x00000058   Code   RO         1287    i.USB_EPSetStall    stm32f4xx_ll_usb.o
    0x080041b4   0x080041b4   0x000001e8   Code   RO         1288    i.USB_EPStartXfer   stm32f4xx_ll_usb.o
    0x0800439c   0x0800439c   0x0000000c   Code   RO         1289    i.USB_EnableGlobalInt  stm32f4xx_ll_usb.o
    0x080043a8   0x080043a8   0x00000020   Code   RO         1290    i.USB_FlushRxFifo   stm32f4xx_ll_usb.o
    0x080043c8   0x080043c8   0x00000024   Code   RO         1291    i.USB_FlushTxFifo   stm32f4xx_ll_usb.o
    0x080043ec   0x080043ec   0x0000001a   Code   RO         1293    i.USB_GetDevSpeed   stm32f4xx_ll_usb.o
    0x08004406   0x08004406   0x00000008   Code   RO         1295    i.USB_GetMode       stm32f4xx_ll_usb.o
    0x0800440e   0x0800440e   0x0000000e   Code   RO         1302    i.USB_ReadDevAllInEpInterrupt  stm32f4xx_ll_usb.o
    0x0800441c   0x0800441c   0x0000000e   Code   RO         1303    i.USB_ReadDevAllOutEpInterrupt  stm32f4xx_ll_usb.o
    0x0800442a   0x0800442a   0x00000024   Code   RO         1304    i.USB_ReadDevInEPInterrupt  stm32f4xx_ll_usb.o
    0x0800444e   0x0800444e   0x00000010   Code   RO         1305    i.USB_ReadDevOutEPInterrupt  stm32f4xx_ll_usb.o
    0x0800445e   0x0800445e   0x00000008   Code   RO         1306    i.USB_ReadInterrupts  stm32f4xx_ll_usb.o
    0x08004466   0x08004466   0x0000001c   Code   RO         1307    i.USB_ReadPacket    stm32f4xx_ll_usb.o
    0x08004482   0x08004482   0x0000002e   Code   RO         1309    i.USB_SetCurrentMode  stm32f4xx_ll_usb.o
    0x080044b0   0x080044b0   0x00000022   Code   RO         1310    i.USB_SetDevAddress  stm32f4xx_ll_usb.o
    0x080044d2   0x080044d2   0x00000002   PAD
    0x080044d4   0x080044d4   0x000000e8   Code   RO         1312    i.USB_SetTurnaroundTime  stm32f4xx_ll_usb.o
    0x080045bc   0x080045bc   0x00000024   Code   RO         1315    i.USB_WritePacket   stm32f4xx_ll_usb.o
    0x080045e0   0x080045e0   0x00000002   Code   RO          899    i.UsageFault_Handler  stm32f4xx_it.o
    0x080045e2   0x080045e2   0x00000002   PAD
    0x080045e4   0x080045e4   0x00000020   Code   RO         4992    i.__0printf         mc_w.l(printfa.o)
    0x08004604   0x08004604   0x00000020   Code   RO         2395    i.__NVIC_SetPriority  stm32f4xx_hal_cortex.o
    0x08004624   0x08004624   0x0000000e   Code   RO         5094    i.__scatterload_copy  mc_w.l(handlers.o)
    0x08004632   0x08004632   0x00000002   Code   RO         5095    i.__scatterload_null  mc_w.l(handlers.o)
    0x08004634   0x08004634   0x0000000e   Code   RO         5096    i.__scatterload_zeroinit  mc_w.l(handlers.o)
    0x08004642   0x08004642   0x00000002   PAD
    0x08004644   0x08004644   0x00000184   Code   RO         4999    i._fp_digits        mc_w.l(printfa.o)
    0x080047c8   0x080047c8   0x000006dc   Code   RO         5000    i._printf_core      mc_w.l(printfa.o)
    0x08004ea4   0x08004ea4   0x00000024   Code   RO         5001    i._printf_post_padding  mc_w.l(printfa.o)
    0x08004ec8   0x08004ec8   0x0000002e   Code   RO         5002    i._printf_pre_padding  mc_w.l(printfa.o)
    0x08004ef6   0x08004ef6   0x00000002   PAD
    0x08004ef8   0x08004ef8   0x00000018   Code   RO           26    i.fputc             main.o
    0x08004f10   0x08004f10   0x00000050   Code   RO         5020    i.free              mc_w.l(malloc.o)
    0x08004f60   0x08004f60   0x00000004   Code   RO           27    i.get_num_one_16b   main.o
    0x08004f64   0x08004f64   0x0000000e   Code   RO           28    i.get_num_zero_16b  main.o
    0x08004f72   0x08004f72   0x00000034   Code   RO           30    i.hamming_weight_16b  main.o
    0x08004fa6   0x08004fa6   0x00000002   PAD
    0x08004fa8   0x08004fa8   0x00000010   Code   RO           31    i.init_arguments    main.o
    0x08004fb8   0x08004fb8   0x00000014   Code   RO           32    i.init_counter      main.o
    0x08004fcc   0x08004fcc   0x000000ec   Code   RO           33    i.main              main.o
    0x080050b8   0x080050b8   0x0000006c   Code   RO         5021    i.malloc            mc_w.l(malloc.o)
    0x08005124   0x08005124   0x0000003c   Code   RO           34    i.sram_read         main.o
    0x08005160   0x08005160   0x00000010   Data   RO         4338    .constdata          system_stm32f4xx.o
    0x08005170   0x08005170   0x00000008   Data   RO         4339    .constdata          system_stm32f4xx.o
    0x08005178   0x08005178   0x0000004a   Data   RO           41    .conststring        main.o
    0x080051c2   0x080051c2   0x00000002   PAD
    0x080051c4   0x080051c4   0x00000020   Data   RO         5092    Region$$Table       anon$$obj.o


    Execution Region RW_IRAM2 (Exec base: 0x10000000, Load base: 0x080052bc, Size: 0x00000000, Max: 0x00010000, ABSOLUTE)

    **** No section assigned to this execution region ****


    Execution Region RW_IRAM1 (Exec base: 0x20000000, Load base: 0x080051e4, Size: 0x00002180, Max: 0x00030000, ABSOLUTE, COMPRESSED[0x000000d8])

    Exec Addr    Load Addr    Size         Type   Attr      Idx    E Section Name        Object

    0x20000000   COMPRESSED   0x0000003c   Data   RW           42    .data               main.o
    0x2000003c   COMPRESSED   0x00000008   Data   RW          375    .data               fmc.o
    0x20000044   COMPRESSED   0x0000001c   Data   RW          754    .data               usbd_desc.o
    0x20000060   COMPRESSED   0x00000032   Data   RW          755    .data               usbd_desc.o
    0x20000092   COMPRESSED   0x00000002   PAD
    0x20000094   COMPRESSED   0x00000014   Data   RW          838    .data               usbd_cdc_if.o
    0x200000a8   COMPRESSED   0x0000000c   Data   RW         2541    .data               stm32f4xx_hal.o
    0x200000b4   COMPRESSED   0x00000004   Data   RW         4340    .data               system_stm32f4xx.o
    0x200000b8   COMPRESSED   0x00000001   Data   RW         4521    .data               usbd_ctlreq.o
    0x200000b9   COMPRESSED   0x00000003   PAD
    0x200000bc   COMPRESSED   0x000000d7   Data   RW         4660    .data               usbd_cdc.o
    0x20000193   COMPRESSED   0x00000001   PAD
    0x20000194   COMPRESSED   0x00000038   Data   RW         4661    .data               usbd_cdc.o
    0x200001cc   COMPRESSED   0x00000004   Data   RW         5068    .data               mc_w.l(stdout.o)
    0x200001d0   COMPRESSED   0x00000004   Data   RW         5075    .data               mc_w.l(mvars.o)
    0x200001d4   COMPRESSED   0x00000004   Data   RW         5076    .data               mc_w.l(mvars.o)
    0x200001d8        -       0x00000050   Zero   RW          374    .bss                fmc.o
    0x20000228        -       0x00000040   Zero   RW          421    .bss                tim.o
    0x20000268        -       0x00000040   Zero   RW          463    .bss                usart.o
    0x200002a8        -       0x000002d0   Zero   RW          503    .bss                usb_device.o
    0x20000578        -       0x00000408   Zero   RW          579    .bss                usbd_conf.o
    0x20000980        -       0x00000200   Zero   RW          753    .bss                usbd_desc.o
    0x20000b80        -       0x00001000   Zero   RW          837    .bss                usbd_cdc_if.o
    0x20001b80        -       0x00000200   Zero   RW            2    HEAP                startup_stm32f429xx.o
    0x20001d80        -       0x00000400   Zero   RW            1    STACK               startup_stm32f429xx.o


==============================================================================

Image component sizes


      Code (inc. data)   RO Data    RW Data    ZI Data      Debug   Object Name

       392         42          0          8         80       2670   fmc.o
       612         32          0          0          0       1479   gpio.o
      1016        366         74         60          0     790098   main.o
        36          8        428          0       1536        912   startup_stm32f429xx.o
       180         28          0         12          0      10313   stm32f4xx_hal.o
       198         14          0          0          0      34551   stm32f4xx_hal_cortex.o
        36          0          0          0          0       1411   stm32f4xx_hal_dma.o
       478         54          0          0          0       2708   stm32f4xx_hal_gpio.o
        52          4          0          0          0       1042   stm32f4xx_hal_msp.o
      2308         14          0          0          0      14097   stm32f4xx_hal_pcd.o
        78          0          0          0          0       2785   stm32f4xx_hal_pcd_ex.o
      1340         78          0          0          0       6388   stm32f4xx_hal_rcc.o
        86          0          0          0          0       1412   stm32f4xx_hal_sram.o
       978         44          0          0          0      12006   stm32f4xx_hal_tim.o
       148         28          0          0          0       2841   stm32f4xx_hal_tim_ex.o
      1254         16          0          0          0      10763   stm32f4xx_hal_uart.o
        56         18          0          0          0       6587   stm32f4xx_it.o
       264         14          0          0          0       3144   stm32f4xx_ll_fmc.o
      2574        132          0          0          0      25611   stm32f4xx_ll_usb.o
        28          6         24          4          0       1411   system_stm32f4xx.o
       160         14          0          0         64       2030   tim.o
       180         22          0          0         64       2052   usart.o
        84         18          0          0        720       2839   usb_device.o
       718         16          0        271          0      14327   usbd_cdc.o
        72         16          0         20       4096       3774   usbd_cdc_if.o
       646         24          0          0       1032      17420   usbd_conf.o
       688          0          0          0          0      14097   usbd_core.o
      1256         30          0          1          0      15076   usbd_ctlreq.o
       288        104          0         78        512       6881   usbd_desc.o
       132          0          0          0          0       5176   usbd_ioreq.o

    ----------------------------------------------------------------------
     16366       1142        560        460       8104    1015901   Object Totals
         0          0         32          0          0          0   (incl. Generated)
        28          0          2          6          0          0   (incl. Padding)

    ----------------------------------------------------------------------

      Code (inc. data)   RO Data    RW Data    ZI Data      Debug   Library Member Name

        86          0          0          0          0          0   __dczerorl2.o
         0          0          0          0          0          0   entry.o
         0          0          0          0          0          0   entry10a.o
         0          0          0          0          0          0   entry11a.o
         8          4          0          0          0          0   entry2.o
         4          0          0          0          0          0   entry5.o
         0          0          0          0          0          0   entry7b.o
         0          0          0          0          0          0   entry8b.o
         8          4          0          0          0          0   entry9a.o
        30          0          0          0          0          0   handlers.o
        36          8          0          0          0         68   init.o
         0          0          0          0          0          0   iusefp.o
        30          0          0          0          0         68   llshl.o
        36          0          0          0          0         68   llsshr.o
        32          0          0          0          0         68   llushr.o
       188         20          0          0          0        160   malloc.o
        36          0          0          0          0         68   memcpya.o
        36          0          0          0          0        108   memseta.o
         0          0          0          8          0          0   mvars.o
      2258         90          0          0          0        452   printfa.o
         0          0          0          4          0          0   stdout.o
        44          0          0          0          0         80   uidiv.o
        98          0          0          0          0         92   uldiv.o
        48          0          0          0          0         68   cdrcmple.o
       334          0          0          0          0        148   dadd.o
       222          0          0          0          0        100   ddiv.o
       186          0          0          0          0        176   depilogue.o
        48          0          0          0          0         68   dfixul.o
       228          0          0          0          0         96   dmul.o
        38          0          0          0          0         68   f2d.o

    ----------------------------------------------------------------------
      4038        126          0         12          0       1956   Library Totals
         4          0          0          0          0          0   (incl. Padding)

    ----------------------------------------------------------------------

      Code (inc. data)   RO Data    RW Data    ZI Data      Debug   Library Name

      2930        126          0         12          0       1232   mc_w.l
      1104          0          0          0          0        724   mf_w.l

    ----------------------------------------------------------------------
      4038        126          0         12          0       1956   Library Totals

    ----------------------------------------------------------------------

==============================================================================


      Code (inc. data)   RO Data    RW Data    ZI Data      Debug   

     20404       1268        560        472       8104     996153   Grand Totals
     20404       1268        560        216       8104     996153   ELF Image Totals (compressed)
     20404       1268        560        216          0          0   ROM Totals

==============================================================================

    Total RO  Size (Code + RO Data)                20964 (  20.47kB)
    Total RW  Size (RW Data + ZI Data)              8576 (   8.38kB)
    Total ROM Size (Code + RO Data + RW Data)      21180 (  20.68kB)

==============================================================================

