<html>
<body>
<pre>
<h1>µVision Build Log</h1>
<h2>Tool Versions:</h2>
IDE-Version: µVision V5.29.0.0
Copyright (C) 2019 ARM Ltd and ARM Germany GmbH. All rights reserved.
License Information: vinoth Microsoft, Microsoft, LIC=----
 
Tool Versions:
Toolchain:       MDK-Lite  Version: 5.29.0.0
Toolchain Path:  C:\Keil_v5\ARM\ARMCC\Bin
C Compiler:      Armcc.exe V5.06 update 6 (build 750)
Assembler:       Armasm.exe V5.06 update 6 (build 750)
Linker/Locator:  ArmLink.exe V5.06 update 6 (build 750)
Library Manager: ArmAr.exe V5.06 update 6 (build 750)
Hex Converter:   FromElf.exe V5.06 update 6 (build 750)
CPU DLL:         SARMCM3.DLL V5.29.0.0
Dialog DLL:      DCM.DLL V1.17.3.0
Target DLL:      STLink\ST-LINKIII-KEIL_SWO.dll V3.0.7.0
Dialog DLL:      TCM.DLL V1.36.5.0
 
<h2>Project:</h2>
C:\Users\vinoth kumar AG\Desktop\Thesis\SRAM_projects\external-sram-master\external-sram-master\STM32CubeMX-files\MDK-ARM\SRAM_projects.uvprojx
Project File Date:  05/25/2020

<h2>Output:</h2>
*** Using Compiler 'V5.06 update 6 (build 750)', folder: 'C:\Keil_v5\ARM\ARMCC\Bin'
Rebuild target 'SRAM_projects'
assembling startup_stm32f429xx.s...
compiling fmc.c...
compiling gpio.c...
compiling main.c...
../../../../Src/main.c(118): warning:  #1295-D: Deprecated declaration SRAM_Get_Performance_Measures - give arg types
  void SRAM_Get_Performance_Measures();
../../../../Src/main.c(124): warning:  #1295-D: Deprecated declaration init_counter - give arg types
  void init_counter();
../../../../Src/main.c(125): warning:  #1295-D: Deprecated declaration init_arguments - give arg types
  void init_arguments();
../../../../Src/main.c(133): warning:  #1295-D: Deprecated declaration SRAM_Fill_With_Zeros - give arg types
  void SRAM_Fill_With_Zeros();
../../../../Src/main.c(134): warning:  #1295-D: Deprecated declaration SRAM_Fill_With_Ones - give arg types
  void SRAM_Fill_With_Ones();
../../../../Src/main.c(135): warning:  #1295-D: Deprecated declaration SRAM_Get_Values - give arg types
  void SRAM_Get_Values();
../../../../Src/main.c(188): warning:  #177-D: variable "address_setup_time"  was declared but never referenced
  	char address_setup_time[2];
../../../../Src/main.c(189): warning:  #177-D: variable "data_setup_time"  was declared but never referenced
  	char data_setup_time[2];
../../../../Src/main.c(461): warning:  #177-D: variable "ret_wert"  was declared but never referenced
  	uint32_t ret_wert;
../../../../Src/main.c(536): warning:  #177-D: variable "tabs"  was declared but never referenced
  	int tabs = 0;
../../../../Src/main.c(538): warning:  #177-D: variable "ptr"  was declared but never referenced
  	uint32_t *ptr = (uint32_t *)0x64000000;
../../../../Src/main.c(625): warning:  #550-D: variable "value"  was set but never used
  	uint32_t value;
../../../../Src/main.c(714): warning:  #550-D: variable "state"  was set but never used
  	TestStatus state = PASSED;
../../../../Src/main.c(740): warning:  #177-D: variable "state"  was declared but never referenced
  	TestStatus state = PASSED;
../../../../Src/main.c(761): warning:  #550-D: variable "state"  was set but never used
  	TestStatus state = PASSED;
../../../../Src/main.c: 15 warnings, 0 errors
compiling tim.c...
compiling usart.c...
compiling usb_device.c...
compiling usbd_desc.c...
compiling usbd_conf.c...
compiling usbd_cdc_if.c...
compiling stm32f4xx_it.c...
compiling stm32f4xx_hal_msp.c...
compiling stm32f4xx_hal_pcd.c...
compiling stm32f4xx_hal_pcd_ex.c...
compiling stm32f4xx_ll_usb.c...
compiling stm32f4xx_hal_rcc.c...
compiling stm32f4xx_hal_rcc_ex.c...
compiling stm32f4xx_hal_flash_ex.c...
compiling stm32f4xx_hal_flash.c...
compiling stm32f4xx_hal_flash_ramfunc.c...
compiling stm32f4xx_hal_gpio.c...
compiling stm32f4xx_hal_dma_ex.c...
compiling stm32f4xx_hal_dma.c...
compiling stm32f4xx_hal_pwr.c...
compiling stm32f4xx_hal_pwr_ex.c...
compiling stm32f4xx_hal_cortex.c...
compiling stm32f4xx_hal.c...
compiling stm32f4xx_hal_exti.c...
compiling stm32f4xx_ll_fmc.c...
compiling stm32f4xx_hal_sram.c...
compiling stm32f4xx_hal_tim.c...
compiling stm32f4xx_hal_tim_ex.c...
compiling stm32f4xx_hal_uart.c...
compiling system_stm32f4xx.c...
compiling usbd_core.c...
compiling usbd_ctlreq.c...
compiling usbd_ioreq.c...
compiling usbd_cdc.c...
linking...
Program Size: Code=20404 RO-data=560 RW-data=472 ZI-data=8104  
FromELF: creating hex file...
"SRAM_projects\SRAM_projects.axf" - 0 Error(s), 15 Warning(s).

<h2>Software Packages used:</h2>

Package Vendor: ARM
                http://www.keil.com/pack/ARM.CMSIS.5.6.0.pack
                ARM.CMSIS.5.6.0
                CMSIS (Cortex Microcontroller Software Interface Standard)
   * Component: CORE Version: 5.3.0

Package Vendor: Keil
                http://www.keil.com/pack/Keil.STM32F4xx_DFP.2.14.0.pack
                Keil.STM32F4xx_DFP.2.14.0
                STMicroelectronics STM32F4 Series Device Support, Drivers and Examples

<h2>Collection of Component include folders:</h2>
  .\RTE\_SRAM_projects
  C:\Users\vinoth kumar AG\AppData\Local\Arm\Packs\ARM\CMSIS\5.6.0\CMSIS\Core\Include
  C:\Users\vinoth kumar AG\AppData\Local\Arm\Packs\Keil\STM32F4xx_DFP\2.14.0\Drivers\CMSIS\Device\ST\STM32F4xx\Include

<h2>Collection of Component Files used:</h2>

   * Component: ARM::CMSIS:CORE:5.3.0
Build Time Elapsed:  00:02:27
</pre>
</body>
</html>
